Archive member included to satisfy reference by file (symbol)

/opt/homebrew/Cellar/arm-none-eabi-gcc/10.3-2021.07/gcc/bin/../lib/gcc/arm-none-eabi/10.3.1/../../../../arm-none-eabi/lib/thumb/v7e-m/nofp/libg.a(lib_a-atoi.o)
                              CMakeFiles/STM_Basic.elf.dir/Src/main.c.obj (atoi)
/opt/homebrew/Cellar/arm-none-eabi-gcc/10.3-2021.07/gcc/bin/../lib/gcc/arm-none-eabi/10.3.1/../../../../arm-none-eabi/lib/thumb/v7e-m/nofp/libg.a(lib_a-errno.o)
                              CMakeFiles/STM_Basic.elf.dir/Src/syscalls.c.obj (__errno)
/opt/homebrew/Cellar/arm-none-eabi-gcc/10.3-2021.07/gcc/bin/../lib/gcc/arm-none-eabi/10.3.1/../../../../arm-none-eabi/lib/thumb/v7e-m/nofp/libg.a(lib_a-exit.o)
                              /opt/homebrew/Cellar/arm-none-eabi-gcc/10.3-2021.07/gcc/bin/../lib/gcc/arm-none-eabi/10.3.1/../../../../arm-none-eabi/lib/thumb/v7e-m/nofp/crt0.o (exit)
/opt/homebrew/Cellar/arm-none-eabi-gcc/10.3-2021.07/gcc/bin/../lib/gcc/arm-none-eabi/10.3.1/../../../../arm-none-eabi/lib/thumb/v7e-m/nofp/libg.a(lib_a-impure.o)
                              /opt/homebrew/Cellar/arm-none-eabi-gcc/10.3-2021.07/gcc/bin/../lib/gcc/arm-none-eabi/10.3.1/../../../../arm-none-eabi/lib/thumb/v7e-m/nofp/libg.a(lib_a-exit.o) (_global_impure_ptr)
/opt/homebrew/Cellar/arm-none-eabi-gcc/10.3-2021.07/gcc/bin/../lib/gcc/arm-none-eabi/10.3.1/../../../../arm-none-eabi/lib/thumb/v7e-m/nofp/libg.a(lib_a-init.o)
                              /opt/homebrew/Cellar/arm-none-eabi-gcc/10.3-2021.07/gcc/bin/../lib/gcc/arm-none-eabi/10.3.1/../../../../arm-none-eabi/lib/thumb/v7e-m/nofp/crt0.o (__libc_init_array)
/opt/homebrew/Cellar/arm-none-eabi-gcc/10.3-2021.07/gcc/bin/../lib/gcc/arm-none-eabi/10.3.1/../../../../arm-none-eabi/lib/thumb/v7e-m/nofp/libg.a(lib_a-malloc.o)
                              CMakeFiles/STM_Basic.elf.dir/Src/main.c.obj (malloc)
/opt/homebrew/Cellar/arm-none-eabi-gcc/10.3-2021.07/gcc/bin/../lib/gcc/arm-none-eabi/10.3.1/../../../../arm-none-eabi/lib/thumb/v7e-m/nofp/libg.a(lib_a-mallocr.o)
                              /opt/homebrew/Cellar/arm-none-eabi-gcc/10.3-2021.07/gcc/bin/../lib/gcc/arm-none-eabi/10.3.1/../../../../arm-none-eabi/lib/thumb/v7e-m/nofp/libg.a(lib_a-malloc.o) (_malloc_r)
/opt/homebrew/Cellar/arm-none-eabi-gcc/10.3-2021.07/gcc/bin/../lib/gcc/arm-none-eabi/10.3.1/../../../../arm-none-eabi/lib/thumb/v7e-m/nofp/libg.a(lib_a-memset.o)
                              /opt/homebrew/Cellar/arm-none-eabi-gcc/10.3-2021.07/gcc/bin/../lib/gcc/arm-none-eabi/10.3.1/../../../../arm-none-eabi/lib/thumb/v7e-m/nofp/crt0.o (memset)
/opt/homebrew/Cellar/arm-none-eabi-gcc/10.3-2021.07/gcc/bin/../lib/gcc/arm-none-eabi/10.3.1/../../../../arm-none-eabi/lib/thumb/v7e-m/nofp/libg.a(lib_a-mlock.o)
                              /opt/homebrew/Cellar/arm-none-eabi-gcc/10.3-2021.07/gcc/bin/../lib/gcc/arm-none-eabi/10.3.1/../../../../arm-none-eabi/lib/thumb/v7e-m/nofp/libg.a(lib_a-mallocr.o) (__malloc_lock)
/opt/homebrew/Cellar/arm-none-eabi-gcc/10.3-2021.07/gcc/bin/../lib/gcc/arm-none-eabi/10.3.1/../../../../arm-none-eabi/lib/thumb/v7e-m/nofp/libg.a(lib_a-sbrkr.o)
                              /opt/homebrew/Cellar/arm-none-eabi-gcc/10.3-2021.07/gcc/bin/../lib/gcc/arm-none-eabi/10.3.1/../../../../arm-none-eabi/lib/thumb/v7e-m/nofp/libg.a(lib_a-mallocr.o) (_sbrk_r)
/opt/homebrew/Cellar/arm-none-eabi-gcc/10.3-2021.07/gcc/bin/../lib/gcc/arm-none-eabi/10.3.1/../../../../arm-none-eabi/lib/thumb/v7e-m/nofp/libg.a(lib_a-strlen.o)
                              CMakeFiles/STM_Basic.elf.dir/Src/main.c.obj (strlen)
/opt/homebrew/Cellar/arm-none-eabi-gcc/10.3-2021.07/gcc/bin/../lib/gcc/arm-none-eabi/10.3.1/../../../../arm-none-eabi/lib/thumb/v7e-m/nofp/libg.a(lib_a-strstr.o)
                              CMakeFiles/STM_Basic.elf.dir/Src/main.c.obj (strstr)
/opt/homebrew/Cellar/arm-none-eabi-gcc/10.3-2021.07/gcc/bin/../lib/gcc/arm-none-eabi/10.3.1/../../../../arm-none-eabi/lib/thumb/v7e-m/nofp/libg.a(lib_a-strtol.o)
                              /opt/homebrew/Cellar/arm-none-eabi-gcc/10.3-2021.07/gcc/bin/../lib/gcc/arm-none-eabi/10.3.1/../../../../arm-none-eabi/lib/thumb/v7e-m/nofp/libg.a(lib_a-atoi.o) (_strtol_r)
/opt/homebrew/Cellar/arm-none-eabi-gcc/10.3-2021.07/gcc/bin/../lib/gcc/arm-none-eabi/10.3.1/../../../../arm-none-eabi/lib/thumb/v7e-m/nofp/libg.a(lib_a-__call_atexit.o)
                              /opt/homebrew/Cellar/arm-none-eabi-gcc/10.3-2021.07/gcc/bin/../lib/gcc/arm-none-eabi/10.3.1/../../../../arm-none-eabi/lib/thumb/v7e-m/nofp/libg.a(lib_a-exit.o) (__call_exitprocs)
/opt/homebrew/Cellar/arm-none-eabi-gcc/10.3-2021.07/gcc/bin/../lib/gcc/arm-none-eabi/10.3.1/../../../../arm-none-eabi/lib/thumb/v7e-m/nofp/libg.a(lib_a-atexit.o)
                              /opt/homebrew/Cellar/arm-none-eabi-gcc/10.3-2021.07/gcc/bin/../lib/gcc/arm-none-eabi/10.3.1/../../../../arm-none-eabi/lib/thumb/v7e-m/nofp/libg.a(lib_a-__call_atexit.o) (atexit)
[...]
Memory Configuration

Name             Origin             Length             Attributes
CCMRAM           0x0000000010000000 0x0000000000002000 xrw
RAM              0x0000000020000000 0x000000000000a000 xrw
FLASH            0x0000000008000000 0x0000000000040000 xr
*default*        0x0000000000000000 0xffffffffffffffff

Linker script and memory map

LOAD /opt/homebrew/Cellar/arm-none-eabi-gcc/10.3-2021.07/gcc/bin/../lib/gcc/arm-none-eabi/10.3.1/thumb/v7e-m/nofp/crti.o
LOAD /opt/homebrew/Cellar/arm-none-eabi-gcc/10.3-2021.07/gcc/bin/../lib/gcc/arm-none-eabi/10.3.1/thumb/v7e-m/nofp/crtbegin.o
LOAD /opt/homebrew/Cellar/arm-none-eabi-gcc/10.3-2021.07/gcc/bin/../lib/gcc/arm-none-eabi/10.3.1/../../../../arm-none-eabi/lib/thumb/v7e-m/nofp/crt0.o
LOAD CMakeFiles/STM_Basic.elf.dir/Drivers/STM32F3xx_HAL_Driver/Src/stm32f3xx_hal.c.obj
LOAD CMakeFiles/STM_Basic.elf.dir/Drivers/STM32F3xx_HAL_Driver/Src/stm32f3xx_hal_cortex.c.obj
LOAD CMakeFiles/STM_Basic.elf.dir/Drivers/STM32F3xx_HAL_Driver/Src/stm32f3xx_hal_dma.c.obj
LOAD CMakeFiles/STM_Basic.elf.dir/Drivers/STM32F3xx_HAL_Driver/Src/stm32f3xx_hal_exti.c.obj
LOAD CMakeFiles/STM_Basic.elf.dir/Drivers/STM32F3xx_HAL_Driver/Src/stm32f3xx_hal_flash.c.obj
LOAD CMakeFiles/STM_Basic.elf.dir/Drivers/STM32F3xx_HAL_Driver/Src/stm32f3xx_hal_flash_ex.c.obj
LOAD CMakeFiles/STM_Basic.elf.dir/Drivers/STM32F3xx_HAL_Driver/Src/stm32f3xx_hal_gpio.c.obj
LOAD CMakeFiles/STM_Basic.elf.dir/Drivers/STM32F3xx_HAL_Driver/Src/stm32f3xx_hal_i2c.c.obj
LOAD CMakeFiles/STM_Basic.elf.dir/Drivers/STM32F3xx_HAL_Driver/Src/stm32f3xx_hal_i2c_ex.c.obj
LOAD CMakeFiles/STM_Basic.elf.dir/Drivers/STM32F3xx_HAL_Driver/Src/stm32f3xx_hal_pcd.c.obj
LOAD CMakeFiles/STM_Basic.elf.dir/Drivers/STM32F3xx_HAL_Driver/Src/stm32f3xx_hal_pcd_ex.c.obj
LOAD CMakeFiles/STM_Basic.elf.dir/Drivers/STM32F3xx_HAL_Driver/Src/stm32f3xx_hal_pwr.c.obj
LOAD CMakeFiles/STM_Basic.elf.dir/Drivers/STM32F3xx_HAL_Driver/Src/stm32f3xx_hal_pwr_ex.c.obj
LOAD CMakeFiles/STM_Basic.elf.dir/Drivers/STM32F3xx_HAL_Driver/Src/stm32f3xx_hal_rcc.c.obj
LOAD CMakeFiles/STM_Basic.elf.dir/Drivers/STM32F3xx_HAL_Driver/Src/stm32f3xx_hal_rcc_ex.c.obj
LOAD CMakeFiles/STM_Basic.elf.dir/Drivers/STM32F3xx_HAL_Driver/Src/stm32f3xx_hal_spi.c.obj
LOAD CMakeFiles/STM_Basic.elf.dir/Drivers/STM32F3xx_HAL_Driver/Src/stm32f3xx_hal_spi_ex.c.obj
LOAD CMakeFiles/STM_Basic.elf.dir/Drivers/STM32F3xx_HAL_Driver/Src/stm32f3xx_hal_tim.c.obj
LOAD CMakeFiles/STM_Basic.elf.dir/Drivers/STM32F3xx_HAL_Driver/Src/stm32f3xx_hal_tim_ex.c.obj
LOAD CMakeFiles/STM_Basic.elf.dir/Drivers/STM32F3xx_HAL_Driver/Src/stm32f3xx_hal_uart.c.obj
LOAD CMakeFiles/STM_Basic.elf.dir/Drivers/STM32F3xx_HAL_Driver/Src/stm32f3xx_hal_uart_ex.c.obj
LOAD CMakeFiles/STM_Basic.elf.dir/Drivers/STM32F3xx_HAL_Driver/Src/stm32f3xx_ll_usb.c.obj
LOAD CMakeFiles/STM_Basic.elf.dir/Src/main.c.obj
LOAD CMakeFiles/STM_Basic.elf.dir/Src/stm32f3xx_hal_msp.c.obj
LOAD CMakeFiles/STM_Basic.elf.dir/Src/stm32f3xx_it.c.obj
LOAD CMakeFiles/STM_Basic.elf.dir/Src/syscalls.c.obj
LOAD CMakeFiles/STM_Basic.elf.dir/Src/sysmem.c.obj
LOAD CMakeFiles/STM_Basic.elf.dir/Src/system_stm32f3xx.c.obj
LOAD CMakeFiles/STM_Basic.elf.dir/Startup/startup_stm32f303vctx.s.obj
START GROUP
LOAD /opt/homebrew/Cellar/arm-none-eabi-gcc/10.3-2021.07/gcc/bin/../lib/gcc/arm-none-eabi/10.3.1/thumb/v7e-m/nofp/libgcc.a
LOAD /opt/homebrew/Cellar/arm-none-eabi-gcc/10.3-2021.07/gcc/bin/../lib/gcc/arm-none-eabi/10.3.1/../../../../arm-none-eabi/lib/thumb/v7e-m/nofp/libg.a
LOAD /opt/homebrew/Cellar/arm-none-eabi-gcc/10.3-2021.07/gcc/bin/../lib/gcc/arm-none-eabi/10.3.1/../../../../arm-none-eabi/lib/thumb/v7e-m/nofp/libc.a
END GROUP
LOAD /opt/homebrew/Cellar/arm-none-eabi-gcc/10.3-2021.07/gcc/bin/../lib/gcc/arm-none-eabi/10.3.1/thumb/v7e-m/nofp/crtend.o
LOAD /opt/homebrew/Cellar/arm-none-eabi-gcc/10.3-2021.07/gcc/bin/../lib/gcc/arm-none-eabi/10.3.1/thumb/v7e-m/nofp/crtn.o
                0x000000002000a000                _estack = (ORIGIN (RAM) + LENGTH (RAM))
                0x0000000000000200                _Min_Heap_Size = 0x200
                0x0000000000000400                _Min_Stack_Size = 0x400

.isr_vector     0x0000000008000000      0x188
                0x0000000008000000                . = ALIGN (0x4)
 *(.isr_vector)
 .isr_vector    0x0000000008000000      0x188 CMakeFiles/STM_Basic.elf.dir/Startup/startup_stm32f303vctx.s.obj
                0x0000000008000000                g_pfnVectors
                0x0000000008000188                . = ALIGN (0x4)

.text           0x00000000080001c0     0x334c
                0x00000000080001c0                . = ALIGN (0x4)
 *(.text)
 .text          0x00000000080001c0       0x40 /opt/homebrew/Cellar/arm-none-eabi-gcc/10.3-2021.07/gcc/bin/../lib/gcc/arm-none-eabi/10.3.1/thumb/v7e-m/nofp/crtbegin.o
 .text          0x0000000008000200       0xdc /opt/homebrew/Cellar/arm-none-eabi-gcc/10.3-2021.07/gcc/bin/../lib/gcc/arm-none-eabi/10.3.1/../../../../arm-none-eabi/lib/thumb/v7e-m/nofp/libg.a(lib_a-strlen.o)
                0x0000000008000200                strlen
 *(.text*)
 .text.HAL_InitTick
                0x00000000080002dc       0x4c CMakeFiles/STM_Basic.elf.dir/Drivers/STM32F3xx_HAL_Driver/Src/stm32f3xx_hal.c.obj
                0x00000000080002dc                HAL_InitTick
 .text.HAL_Init
                0x0000000008000328       0x24 CMakeFiles/STM_Basic.elf.dir/Drivers/STM32F3xx_HAL_Driver/Src/stm32f3xx_hal.c.obj
                0x0000000008000328                HAL_Init
 .text.HAL_IncTick
                0x000000000800034c       0x18 CMakeFiles/STM_Basic.elf.dir/Drivers/STM32F3xx_HAL_Driver/Src/stm32f3xx_hal.c.obj
                0x000000000800034c                HAL_IncTick
 .text.HAL_GetTick
                0x0000000008000364        0xc CMakeFiles/STM_Basic.elf.dir/Drivers/STM32F3xx_HAL_Driver/Src/stm32f3xx_hal.c.obj
                0x0000000008000364                HAL_GetTick
 .text.HAL_NVIC_SetPriorityGrouping
                0x0000000008000370       0x24 CMakeFiles/STM_Basic.elf.dir/Drivers/STM32F3xx_HAL_Driver/Src/stm32f3xx_hal_cortex.c.obj
                0x0000000008000370                HAL_NVIC_SetPriorityGrouping
 .text.HAL_NVIC_SetPriority
                0x0000000008000394       0x70 CMakeFiles/STM_Basic.elf.dir/Drivers/STM32F3xx_HAL_Driver/Src/stm32f3xx_hal_cortex.c.obj
                0x0000000008000394                HAL_NVIC_SetPriority
 .text.HAL_NVIC_EnableIRQ
                0x0000000008000404       0x1c CMakeFiles/STM_Basic.elf.dir/Drivers/STM32F3xx_HAL_Driver/Src/stm32f3xx_hal_cortex.c.obj
                0x0000000008000404                HAL_NVIC_EnableIRQ
 .text.HAL_SYSTICK_Config
                0x0000000008000420       0x28 CMakeFiles/STM_Basic.elf.dir/Drivers/STM32F3xx_HAL_Driver/Src/stm32f3xx_hal_cortex.c.obj
                0x0000000008000420                HAL_SYSTICK_Config
 .text.DMA_CalcBaseAndBitshift
                0x0000000008000448       0x4c CMakeFiles/STM_Basic.elf.dir/Drivers/STM32F3xx_HAL_Driver/Src/stm32f3xx_hal_dma.c.obj
 .text.HAL_DMA_Init
                0x0000000008000494       0x50 CMakeFiles/STM_Basic.elf.dir/Drivers/STM32F3xx_HAL_Driver/Src/stm32f3xx_hal_dma.c.obj
                0x0000000008000494                HAL_DMA_Init
 .text.HAL_DMA_IRQHandler
                0x00000000080004e4       0xb4 CMakeFiles/STM_Basic.elf.dir/Drivers/STM32F3xx_HAL_Driver/Src/stm32f3xx_hal_dma.c.obj
                0x00000000080004e4                HAL_DMA_IRQHandler
 .text.HAL_GPIO_Init
                0x0000000008000598      0x1d0 CMakeFiles/STM_Basic.elf.dir/Drivers/STM32F3xx_HAL_Driver/Src/stm32f3xx_hal_gpio.c.obj
                0x0000000008000598                HAL_GPIO_Init
 .text.HAL_GPIO_ReadPin
                0x0000000008000768        0xe CMakeFiles/STM_Basic.elf.dir/Drivers/STM32F3xx_HAL_Driver/Src/stm32f3xx_hal_gpio.c.obj
                0x0000000008000768                HAL_GPIO_ReadPin
 .text.HAL_GPIO_WritePin
                0x0000000008000776        0xa CMakeFiles/STM_Basic.elf.dir/Drivers/STM32F3xx_HAL_Driver/Src/stm32f3xx_hal_gpio.c.obj
                0x0000000008000776                HAL_GPIO_WritePin
 .text.HAL_I2C_Init
                0x0000000008000780       0xbc CMakeFiles/STM_Basic.elf.dir/Drivers/STM32F3xx_HAL_Driver/Src/stm32f3xx_hal_i2c.c.obj
                0x0000000008000780                HAL_I2C_Init
 .text.HAL_I2CEx_ConfigAnalogFilter
                0x000000000800083c       0x5c CMakeFiles/STM_Basic.elf.dir/Drivers/STM32F3xx_HAL_Driver/Src/stm32f3xx_hal_i2c_ex.c.obj
                0x000000000800083c                HAL_I2CEx_ConfigAnalogFilter
 .text.HAL_I2CEx_ConfigDigitalFilter
                0x0000000008000898       0x58 CMakeFiles/STM_Basic.elf.dir/Drivers/STM32F3xx_HAL_Driver/Src/stm32f3xx_hal_i2c_ex.c.obj
                0x0000000008000898                HAL_I2CEx_ConfigDigitalFilter
 .text.HAL_PCD_Init
                0x00000000080008f0       0xd2 CMakeFiles/STM_Basic.elf.dir/Drivers/STM32F3xx_HAL_Driver/Src/stm32f3xx_hal_pcd.c.obj
                0x00000000080008f0                HAL_PCD_Init
 *fill*         0x00000000080009c2        0x2 
 .text.HAL_RCC_OscConfig
                0x00000000080009c4      0x634 CMakeFiles/STM_Basic.elf.dir/Drivers/STM32F3xx_HAL_Driver/Src/stm32f3xx_hal_rcc.c.obj
                0x00000000080009c4                HAL_RCC_OscConfig
 .text.HAL_RCC_GetSysClockFreq
                0x0000000008000ff8       0x70 CMakeFiles/STM_Basic.elf.dir/Drivers/STM32F3xx_HAL_Driver/Src/stm32f3xx_hal_rcc.c.obj
                0x0000000008000ff8                HAL_RCC_GetSysClockFreq
 .text.HAL_RCC_ClockConfig
                0x0000000008001068      0x1a8 CMakeFiles/STM_Basic.elf.dir/Drivers/STM32F3xx_HAL_Driver/Src/stm32f3xx_hal_rcc.c.obj
                0x0000000008001068                HAL_RCC_ClockConfig
 .text.HAL_RCC_GetHCLKFreq
                0x0000000008001210        0xc CMakeFiles/STM_Basic.elf.dir/Drivers/STM32F3xx_HAL_Driver/Src/stm32f3xx_hal_rcc.c.obj
                0x0000000008001210                HAL_RCC_GetHCLKFreq
 .text.HAL_RCC_GetPCLK1Freq
                0x000000000800121c       0x2c CMakeFiles/STM_Basic.elf.dir/Drivers/STM32F3xx_HAL_Driver/Src/stm32f3xx_hal_rcc.c.obj
                0x000000000800121c                HAL_RCC_GetPCLK1Freq
 .text.HAL_RCC_GetPCLK2Freq
                0x0000000008001248       0x2c CMakeFiles/STM_Basic.elf.dir/Drivers/STM32F3xx_HAL_Driver/Src/stm32f3xx_hal_rcc.c.obj
                0x0000000008001248                HAL_RCC_GetPCLK2Freq
 .text.HAL_RCCEx_PeriphCLKConfig
                0x0000000008001274      0x260 CMakeFiles/STM_Basic.elf.dir/Drivers/STM32F3xx_HAL_Driver/Src/stm32f3xx_hal_rcc_ex.c.obj
                0x0000000008001274                HAL_RCCEx_PeriphCLKConfig
 .text.HAL_SPI_Init
                0x00000000080014d4       0xe8 CMakeFiles/STM_Basic.elf.dir/Drivers/STM32F3xx_HAL_Driver/Src/stm32f3xx_hal_spi.c.obj
                0x00000000080014d4                HAL_SPI_Init
 .text.UART_SetConfig
                0x00000000080015bc      0x250 CMakeFiles/STM_Basic.elf.dir/Drivers/STM32F3xx_HAL_Driver/Src/stm32f3xx_hal_uart.c.obj
                0x00000000080015bc                UART_SetConfig
 .text.UART_AdvFeatureConfig
                0x000000000800180c       0xca CMakeFiles/STM_Basic.elf.dir/Drivers/STM32F3xx_HAL_Driver/Src/stm32f3xx_hal_uart.c.obj
                0x000000000800180c                UART_AdvFeatureConfig
 .text.UART_WaitOnFlagUntilTimeout
                0x00000000080018d6       0xd4 CMakeFiles/STM_Basic.elf.dir/Drivers/STM32F3xx_HAL_Driver/Src/stm32f3xx_hal_uart.c.obj
                0x00000000080018d6                UART_WaitOnFlagUntilTimeout
 .text.HAL_UART_Transmit
                0x00000000080019aa       0xd8 CMakeFiles/STM_Basic.elf.dir/Drivers/STM32F3xx_HAL_Driver/Src/stm32f3xx_hal_uart.c.obj
                0x00000000080019aa                HAL_UART_Transmit
 .text.HAL_UART_Receive
                0x0000000008001a82      0x10a CMakeFiles/STM_Basic.elf.dir/Drivers/STM32F3xx_HAL_Driver/Src/stm32f3xx_hal_uart.c.obj
                0x0000000008001a82                HAL_UART_Receive
 .text.UART_CheckIdleState
                0x0000000008001b8c       0x70 CMakeFiles/STM_Basic.elf.dir/Drivers/STM32F3xx_HAL_Driver/Src/stm32f3xx_hal_uart.c.obj
                0x0000000008001b8c                UART_CheckIdleState
 .text.HAL_UART_Init
                0x0000000008001bfc       0x62 CMakeFiles/STM_Basic.elf.dir/Drivers/STM32F3xx_HAL_Driver/Src/stm32f3xx_hal_uart.c.obj
                0x0000000008001bfc                HAL_UART_Init
 .text.USB_DisableGlobalInt
                0x0000000008001c5e       0x14 CMakeFiles/STM_Basic.elf.dir/Drivers/STM32F3xx_HAL_Driver/Src/stm32f3xx_ll_usb.c.obj
                0x0000000008001c5e                USB_DisableGlobalInt
 .text.USB_DevInit
                0x0000000008001c72       0x22 CMakeFiles/STM_Basic.elf.dir/Drivers/STM32F3xx_HAL_Driver/Src/stm32f3xx_ll_usb.c.obj
                0x0000000008001c72                USB_DevInit
 .text.MX_GPIO_Init
                0x0000000008001c94       0xc0 CMakeFiles/STM_Basic.elf.dir/Src/main.c.obj
 .text.MX_DMA_Init
                0x0000000008001d54       0x34 CMakeFiles/STM_Basic.elf.dir/Src/main.c.obj
 .text.printScrn
                0x0000000008001d88       0x1c CMakeFiles/STM_Basic.elf.dir/Src/main.c.obj
                0x0000000008001d88                printScrn
 .text.Error_Handler
                0x0000000008001da4        0x4 CMakeFiles/STM_Basic.elf.dir/Src/main.c.obj
                0x0000000008001da4                Error_Handler
 .text.MX_I2C1_Init
                0x0000000008001da8       0x54 CMakeFiles/STM_Basic.elf.dir/Src/main.c.obj
 .text.MX_SPI1_Init
                0x0000000008001dfc       0x48 CMakeFiles/STM_Basic.elf.dir/Src/main.c.obj
 .text.MX_USB_PCD_Init
                0x0000000008001e44       0x2c CMakeFiles/STM_Basic.elf.dir/Src/main.c.obj
 .text.MX_USART1_UART_Init
                0x0000000008001e70       0x38 CMakeFiles/STM_Basic.elf.dir/Src/main.c.obj
 .text.SystemClock_Config
                0x0000000008001ea8       0x98 CMakeFiles/STM_Basic.elf.dir/Src/main.c.obj
                0x0000000008001ea8                SystemClock_Config
 .text.main     0x0000000008001f40      0x1e0 CMakeFiles/STM_Basic.elf.dir/Src/main.c.obj
                0x0000000008001f40                main
 .text.HAL_MspInit
                0x0000000008002120       0x3c CMakeFiles/STM_Basic.elf.dir/Src/stm32f3xx_hal_msp.c.obj
                0x0000000008002120                HAL_MspInit
 .text.HAL_I2C_MspInit
                0x000000000800215c       0x6c CMakeFiles/STM_Basic.elf.dir/Src/stm32f3xx_hal_msp.c.obj
                0x000000000800215c                HAL_I2C_MspInit
 .text.HAL_SPI_MspInit
                0x00000000080021c8       0x68 CMakeFiles/STM_Basic.elf.dir/Src/stm32f3xx_hal_msp.c.obj
                0x00000000080021c8                HAL_SPI_MspInit
 .text.HAL_UART_MspInit
                0x0000000008002230       0x9c CMakeFiles/STM_Basic.elf.dir/Src/stm32f3xx_hal_msp.c.obj
                0x0000000008002230                HAL_UART_MspInit
 .text.HAL_PCD_MspInit
                0x00000000080022cc       0x68 CMakeFiles/STM_Basic.elf.dir/Src/stm32f3xx_hal_msp.c.obj
                0x00000000080022cc                HAL_PCD_MspInit
 .text.NMI_Handler
                0x0000000008002334        0x2 CMakeFiles/STM_Basic.elf.dir/Src/stm32f3xx_it.c.obj
                0x0000000008002334                NMI_Handler
 .text.HardFault_Handler
                0x0000000008002336        0x2 CMakeFiles/STM_Basic.elf.dir/Src/stm32f3xx_it.c.obj
                0x0000000008002336                HardFault_Handler
 .text.MemManage_Handler
                0x0000000008002338        0x2 CMakeFiles/STM_Basic.elf.dir/Src/stm32f3xx_it.c.obj
                0x0000000008002338                MemManage_Handler
 .text.BusFault_Handler
                0x000000000800233a        0x2 CMakeFiles/STM_Basic.elf.dir/Src/stm32f3xx_it.c.obj
                0x000000000800233a                BusFault_Handler
 .text.UsageFault_Handler
                0x000000000800233c        0x2 CMakeFiles/STM_Basic.elf.dir/Src/stm32f3xx_it.c.obj
                0x000000000800233c                UsageFault_Handler
 .text.SVC_Handler
                0x000000000800233e        0x2 CMakeFiles/STM_Basic.elf.dir/Src/stm32f3xx_it.c.obj
                0x000000000800233e                SVC_Handler
 .text.DebugMon_Handler
                0x0000000008002340        0x2 CMakeFiles/STM_Basic.elf.dir/Src/stm32f3xx_it.c.obj
                0x0000000008002340                DebugMon_Handler
 .text.PendSV_Handler
                0x0000000008002342        0x2 CMakeFiles/STM_Basic.elf.dir/Src/stm32f3xx_it.c.obj
                0x0000000008002342                PendSV_Handler
 .text.SysTick_Handler
                0x0000000008002344        0x8 CMakeFiles/STM_Basic.elf.dir/Src/stm32f3xx_it.c.obj
                0x0000000008002344                SysTick_Handler
 .text.DMA1_Channel5_IRQHandler
                0x000000000800234c       0x10 CMakeFiles/STM_Basic.elf.dir/Src/stm32f3xx_it.c.obj
                0x000000000800234c                DMA1_Channel5_IRQHandler
 .text._sbrk    0x000000000800235c       0x48 CMakeFiles/STM_Basic.elf.dir/Src/sysmem.c.obj
                0x000000000800235c                _sbrk
 .text.SystemInit
                0x00000000080023a4        0x2 CMakeFiles/STM_Basic.elf.dir/Src/system_stm32f3xx.c.obj
                0x00000000080023a4                SystemInit
 *fill*         0x00000000080023a6        0x2 
 .text.Reset_Handler
                0x00000000080023a8       0x50 CMakeFiles/STM_Basic.elf.dir/Startup/startup_stm32f303vctx.s.obj
                0x00000000080023a8                Reset_Handler
 .text.Default_Handler
                0x00000000080023f8        0x2 CMakeFiles/STM_Basic.elf.dir/Startup/startup_stm32f303vctx.s.obj
                0x00000000080023f8                TIM1_BRK_TIM15_IRQHandler
                0x00000000080023f8                TIM8_TRG_COM_IRQHandler
                0x00000000080023f8                TIM8_CC_IRQHandler
                0x00000000080023f8                TIM1_CC_IRQHandler
                0x00000000080023f8                USB_HP_IRQHandler
                0x00000000080023f8                PVD_IRQHandler
                0x00000000080023f8                TAMP_STAMP_IRQHandler
                0x00000000080023f8                EXTI3_IRQHandler
                0x00000000080023f8                USB_HP_CAN_TX_IRQHandler
                0x00000000080023f8                EXTI0_IRQHandler
                0x00000000080023f8                I2C2_EV_IRQHandler
                0x00000000080023f8                FPU_IRQHandler
                0x00000000080023f8                TIM1_UP_TIM16_IRQHandler
                0x00000000080023f8                ADC1_2_IRQHandler
                0x00000000080023f8                SPI1_IRQHandler
                0x00000000080023f8                CAN_SCE_IRQHandler
                0x00000000080023f8                TIM6_DAC_IRQHandler
                0x00000000080023f8                TIM8_UP_IRQHandler
                0x00000000080023f8                DMA2_Channel2_IRQHandler
                0x00000000080023f8                DMA1_Channel4_IRQHandler
                0x00000000080023f8                USART3_IRQHandler
                0x00000000080023f8                DMA1_Channel7_IRQHandler
                0x00000000080023f8                UART5_IRQHandler
                0x00000000080023f8                ADC3_IRQHandler
                0x00000000080023f8                TIM4_IRQHandler
                0x00000000080023f8                CAN_RX1_IRQHandler
                0x00000000080023f8                DMA2_Channel1_IRQHandler
                0x00000000080023f8                I2C1_EV_IRQHandler
                0x00000000080023f8                DMA1_Channel6_IRQHandler
                0x00000000080023f8                UART4_IRQHandler
                0x00000000080023f8                DMA2_Channel4_IRQHandler
                0x00000000080023f8                TIM3_IRQHandler
                0x00000000080023f8                RCC_IRQHandler
                0x00000000080023f8                DMA1_Channel1_IRQHandler
                0x00000000080023f8                Default_Handler
                0x00000000080023f8                USBWakeUp_RMP_IRQHandler
                0x00000000080023f8                EXTI15_10_IRQHandler
                0x00000000080023f8                TIM7_IRQHandler
                0x00000000080023f8                EXTI9_5_IRQHandler
                0x00000000080023f8                RTC_WKUP_IRQHandler
                0x00000000080023f8                SPI2_IRQHandler
                0x00000000080023f8                USB_LP_CAN_RX0_IRQHandler
                0x00000000080023f8                DMA2_Channel5_IRQHandler
                0x00000000080023f8                USB_LP_IRQHandler
                0x00000000080023f8                EXTI4_IRQHandler
                0x00000000080023f8                TIM1_TRG_COM_TIM17_IRQHandler
                0x00000000080023f8                DMA1_Channel3_IRQHandler
                0x00000000080023f8                ADC4_IRQHandler
                0x00000000080023f8                WWDG_IRQHandler
                0x00000000080023f8                TIM2_IRQHandler
                0x00000000080023f8                COMP7_IRQHandler
                0x00000000080023f8                COMP1_2_3_IRQHandler
                0x00000000080023f8                EXTI1_IRQHandler
                0x00000000080023f8                USART2_IRQHandler
                0x00000000080023f8                COMP4_5_6_IRQHandler
                0x00000000080023f8                I2C2_ER_IRQHandler
                0x00000000080023f8                DMA1_Channel2_IRQHandler
                0x00000000080023f8                TIM8_BRK_IRQHandler
                0x00000000080023f8                FLASH_IRQHandler
                0x00000000080023f8                USART1_IRQHandler
                0x00000000080023f8                SPI3_IRQHandler
                0x00000000080023f8                I2C1_ER_IRQHandler
                0x00000000080023f8                USBWakeUp_IRQHandler
                0x00000000080023f8                DMA2_Channel3_IRQHandler
                0x00000000080023f8                EXTI2_TSC_IRQHandler
                0x00000000080023f8                RTC_Alarm_IRQHandler
 *fill*         0x00000000080023fa        0x2 
 .text.atoi     0x00000000080023fc        0x8 /opt/homebrew/Cellar/arm-none-eabi-gcc/10.3-2021.07/gcc/bin/../lib/gcc/arm-none-eabi/10.3.1/../../../../arm-none-eabi/lib/thumb/v7e-m/nofp/libg.a(lib_a-atoi.o)
                0x00000000080023fc                atoi
 .text.__errno  0x0000000008002404        0xc /opt/homebrew/Cellar/arm-none-eabi-gcc/10.3-2021.07/gcc/bin/../lib/gcc/arm-none-eabi/10.3.1/../../../../arm-none-eabi/lib/thumb/v7e-m/nofp/libg.a(lib_a-errno.o)
                0x0000000008002404                __errno
 .text.__libc_init_array
                0x0000000008002410       0x48 /opt/homebrew/Cellar/arm-none-eabi-gcc/10.3-2021.07/gcc/bin/../lib/gcc/arm-none-eabi/10.3.1/../../../../arm-none-eabi/lib/thumb/v7e-m/nofp/libg.a(lib_a-init.o)
                0x0000000008002410                __libc_init_array
 .text.malloc   0x0000000008002458       0x10 /opt/homebrew/Cellar/arm-none-eabi-gcc/10.3-2021.07/gcc/bin/../lib/gcc/arm-none-eabi/10.3.1/../../../../arm-none-eabi/lib/thumb/v7e-m/nofp/libg.a(lib_a-malloc.o)
                0x0000000008002458                malloc
 .text._malloc_r
                0x0000000008002468      0x560 /opt/homebrew/Cellar/arm-none-eabi-gcc/10.3-2021.07/gcc/bin/../lib/gcc/arm-none-eabi/10.3.1/../../../../arm-none-eabi/lib/thumb/v7e-m/nofp/libg.a(lib_a-mallocr.o)
                0x0000000008002468                _malloc_r
 .text.memset   0x00000000080029c8       0xa4 /opt/homebrew/Cellar/arm-none-eabi-gcc/10.3-2021.07/gcc/bin/../lib/gcc/arm-none-eabi/10.3.1/../../../../arm-none-eabi/lib/thumb/v7e-m/nofp/libg.a(lib_a-memset.o)
                0x00000000080029c8                memset
 .text.__malloc_lock
                0x0000000008002a6c        0xc /opt/homebrew/Cellar/arm-none-eabi-gcc/10.3-2021.07/gcc/bin/../lib/gcc/arm-none-eabi/10.3.1/../../../../arm-none-eabi/lib/thumb/v7e-m/nofp/libg.a(lib_a-mlock.o)
                0x0000000008002a6c                __malloc_lock
 .text.__malloc_unlock
                0x0000000008002a78        0xc /opt/homebrew/Cellar/arm-none-eabi-gcc/10.3-2021.07/gcc/bin/../lib/gcc/arm-none-eabi/10.3.1/../../../../arm-none-eabi/lib/thumb/v7e-m/nofp/libg.a(lib_a-mlock.o)
                0x0000000008002a78                __malloc_unlock
 .text._sbrk_r  0x0000000008002a84       0x24 /opt/homebrew/Cellar/arm-none-eabi-gcc/10.3-2021.07/gcc/bin/../lib/gcc/arm-none-eabi/10.3.1/../../../../arm-none-eabi/lib/thumb/v7e-m/nofp/libg.a(lib_a-sbrkr.o)
                0x0000000008002a84                _sbrk_r
 .text.two_way_long_needle
                0x0000000008002aa8      0x2b4 /opt/homebrew/Cellar/arm-none-eabi-gcc/10.3-2021.07/gcc/bin/../lib/gcc/arm-none-eabi/10.3.1/../../../../arm-none-eabi/lib/thumb/v7e-m/nofp/libg.a(lib_a-strstr.o)
 .text.strstr   0x0000000008002d5c      0x168 /opt/homebrew/Cellar/arm-none-eabi-gcc/10.3-2021.07/gcc/bin/../lib/gcc/arm-none-eabi/10.3.1/../../../../arm-none-eabi/lib/thumb/v7e-m/nofp/libg.a(lib_a-strstr.o)
                0x0000000008002d5c                strstr
 .text._strtol_l.part.0
                0x0000000008002ec4      0x120 /opt/homebrew/Cellar/arm-none-eabi-gcc/10.3-2021.07/gcc/bin/../lib/gcc/arm-none-eabi/10.3.1/../../../../arm-none-eabi/lib/thumb/v7e-m/nofp/libg.a(lib_a-strtol.o)
 .text.strtol   0x0000000008002fe4       0x2c /opt/homebrew/Cellar/arm-none-eabi-gcc/10.3-2021.07/gcc/bin/../lib/gcc/arm-none-eabi/10.3.1/../../../../arm-none-eabi/lib/thumb/v7e-m/nofp/libg.a(lib_a-strtol.o)
                0x0000000008002fe4                strtol
 .text.startup.register_fini
                0x0000000008003010       0x14 /opt/homebrew/Cellar/arm-none-eabi-gcc/10.3-2021.07/gcc/bin/../lib/gcc/arm-none-eabi/10.3.1/../../../../arm-none-eabi/lib/thumb/v7e-m/nofp/libg.a(lib_a-__call_atexit.o)
 .text.atexit   0x0000000008003024        0xc /opt/homebrew/Cellar/arm-none-eabi-gcc/10.3-2021.07/gcc/bin/../lib/gcc/arm-none-eabi/10.3.1/../../../../arm-none-eabi/lib/thumb/v7e-m/nofp/libg.a(lib_a-atexit.o)
                0x0000000008003024                atexit
 .text.__libc_fini_array
                0x0000000008003030       0x2c /opt/homebrew/Cellar/arm-none-eabi-gcc/10.3-2021.07/gcc/bin/../lib/gcc/arm-none-eabi/10.3.1/../../../../arm-none-eabi/lib/thumb/v7e-m/nofp/libg.a(lib_a-fini.o)
                0x0000000008003030                __libc_fini_array
 .text._malloc_trim_r
                0x000000000800305c       0xa0 /opt/homebrew/Cellar/arm-none-eabi-gcc/10.3-2021.07/gcc/bin/../lib/gcc/arm-none-eabi/10.3.1/../../../../arm-none-eabi/lib/thumb/v7e-m/nofp/libg.a(lib_a-freer.o)
                0x000000000800305c                _malloc_trim_r
 .text._free_r  0x00000000080030fc      0x20c /opt/homebrew/Cellar/arm-none-eabi-gcc/10.3-2021.07/gcc/bin/../lib/gcc/arm-none-eabi/10.3.1/../../../../arm-none-eabi/lib/thumb/v7e-m/nofp/libg.a(lib_a-freer.o)
                0x00000000080030fc                _free_r
 .text.__retarget_lock_acquire_recursive
                0x0000000008003308        0x4 /opt/homebrew/Cellar/arm-none-eabi-gcc/10.3-2021.07/gcc/bin/../lib/gcc/arm-none-eabi/10.3.1/../../../../arm-none-eabi/lib/thumb/v7e-m/nofp/libg.a(lib_a-lock.o)
                0x0000000008003308                __retarget_lock_acquire_recursive
 .text.__retarget_lock_release_recursive
                0x000000000800330c        0x4 /opt/homebrew/Cellar/arm-none-eabi-gcc/10.3-2021.07/gcc/bin/../lib/gcc/arm-none-eabi/10.3.1/../../../../arm-none-eabi/lib/thumb/v7e-m/nofp/libg.a(lib_a-lock.o)
                0x000000000800330c                __retarget_lock_release_recursive
 .text.memcmp   0x0000000008003310       0x68 /opt/homebrew/Cellar/arm-none-eabi-gcc/10.3-2021.07/gcc/bin/../lib/gcc/arm-none-eabi/10.3.1/../../../../arm-none-eabi/lib/thumb/v7e-m/nofp/libg.a(lib_a-memcmp.o)
                0x0000000008003310                memcmp
 .text.strchr   0x0000000008003378       0xcc /opt/homebrew/Cellar/arm-none-eabi-gcc/10.3-2021.07/gcc/bin/../lib/gcc/arm-none-eabi/10.3.1/../../../../arm-none-eabi/lib/thumb/v7e-m/nofp/libg.a(lib_a-strchr.o)
                0x0000000008003378                strchr
 .text.strnlen  0x0000000008003444       0x24 /opt/homebrew/Cellar/arm-none-eabi-gcc/10.3-2021.07/gcc/bin/../lib/gcc/arm-none-eabi/10.3.1/../../../../arm-none-eabi/lib/thumb/v7e-m/nofp/libg.a(lib_a-strnlen.o)
                0x0000000008003444                strnlen
 .text.__register_exitproc
                0x0000000008003468       0x8c /opt/homebrew/Cellar/arm-none-eabi-gcc/10.3-2021.07/gcc/bin/../lib/gcc/arm-none-eabi/10.3.1/../../../../arm-none-eabi/lib/thumb/v7e-m/nofp/libg.a(lib_a-__atexit.o)
                0x0000000008003468                __register_exitproc
 *(.glue_7)
 .glue_7        0x00000000080034f4        0x0 linker stubs
 *(.glue_7t)
 .glue_7t       0x00000000080034f4        0x0 linker stubs
 *(.eh_frame)
 .eh_frame      0x00000000080034f4        0x0 /opt/homebrew/Cellar/arm-none-eabi-gcc/10.3-2021.07/gcc/bin/../lib/gcc/arm-none-eabi/10.3.1/thumb/v7e-m/nofp/crtbegin.o
 *(.init)
 .init          0x00000000080034f4        0x4 /opt/homebrew/Cellar/arm-none-eabi-gcc/10.3-2021.07/gcc/bin/../lib/gcc/arm-none-eabi/10.3.1/thumb/v7e-m/nofp/crti.o
                0x00000000080034f4                _init
 .init          0x00000000080034f8        0x8 /opt/homebrew/Cellar/arm-none-eabi-gcc/10.3-2021.07/gcc/bin/../lib/gcc/arm-none-eabi/10.3.1/thumb/v7e-m/nofp/crtn.o
 *(.fini)
 .fini          0x0000000008003500        0x4 /opt/homebrew/Cellar/arm-none-eabi-gcc/10.3-2021.07/gcc/bin/../lib/gcc/arm-none-eabi/10.3.1/thumb/v7e-m/nofp/crti.o
                0x0000000008003500                _fini
 .fini          0x0000000008003504        0x8 /opt/homebrew/Cellar/arm-none-eabi-gcc/10.3-2021.07/gcc/bin/../lib/gcc/arm-none-eabi/10.3.1/thumb/v7e-m/nofp/crtn.o
                0x000000000800350c                . = ALIGN (0x4)
                0x000000000800350c                _etext = .

.vfp11_veneer   0x000000000800350c        0x0
 .vfp11_veneer  0x000000000800350c        0x0 linker stubs

.v4_bx          0x000000000800350c        0x0
 .v4_bx         0x000000000800350c        0x0 linker stubs

.iplt           0x000000000800350c        0x0
 .iplt          0x000000000800350c        0x0 /opt/homebrew/Cellar/arm-none-eabi-gcc/10.3-2021.07/gcc/bin/../lib/gcc/arm-none-eabi/10.3.1/thumb/v7e-m/nofp/crtbegin.o

.rodata         0x000000000800350c      0x158
                0x000000000800350c                . = ALIGN (0x4)
 *(.rodata)
 *(.rodata*)
 .rodata.aPLLMULFactorTable
                0x000000000800350c       0x10 CMakeFiles/STM_Basic.elf.dir/Drivers/STM32F3xx_HAL_Driver/Src/stm32f3xx_hal_rcc.c.obj
                0x000000000800350c                aPLLMULFactorTable
 .rodata.aPredivFactorTable
                0x000000000800351c       0x10 CMakeFiles/STM_Basic.elf.dir/Drivers/STM32F3xx_HAL_Driver/Src/stm32f3xx_hal_rcc.c.obj
                0x000000000800351c                aPredivFactorTable
 .rodata.main.str1.4
                0x000000000800352c       0x17 CMakeFiles/STM_Basic.elf.dir/Src/main.c.obj
 *fill*         0x0000000008003543        0x1 
 .rodata.AHBPrescTable
                0x0000000008003544       0x10 CMakeFiles/STM_Basic.elf.dir/Src/system_stm32f3xx.c.obj
                0x0000000008003544                AHBPrescTable
 .rodata.APBPrescTable
                0x0000000008003554        0x8 CMakeFiles/STM_Basic.elf.dir/Src/system_stm32f3xx.c.obj
                0x0000000008003554                APBPrescTable
 .rodata._global_impure_ptr
                0x000000000800355c        0x4 /opt/homebrew/Cellar/arm-none-eabi-gcc/10.3-2021.07/gcc/bin/../lib/gcc/arm-none-eabi/10.3.1/../../../../arm-none-eabi/lib/thumb/v7e-m/nofp/libg.a(lib_a-impure.o)
                0x000000000800355c                _global_impure_ptr
 .rodata._ctype_
                0x0000000008003560      0x101 /opt/homebrew/Cellar/arm-none-eabi-gcc/10.3-2021.07/gcc/bin/../lib/gcc/arm-none-eabi/10.3.1/../../../../arm-none-eabi/lib/thumb/v7e-m/nofp/libg.a(lib_a-ctype_.o)
                0x0000000008003560                _ctype_
                0x0000000008003664                . = ALIGN (0x4)
 *fill*         0x0000000008003661        0x3 

.rel.dyn        0x0000000008003664        0x0
 .rel.iplt      0x0000000008003664        0x0 /opt/homebrew/Cellar/arm-none-eabi-gcc/10.3-2021.07/gcc/bin/../lib/gcc/arm-none-eabi/10.3.1/thumb/v7e-m/nofp/crtbegin.o

.ARM.extab      0x0000000008003664        0x0
                0x0000000008003664                . = ALIGN (0x4)
 *(.ARM.extab* .gnu.linkonce.armextab.*)
                0x0000000008003664                . = ALIGN (0x4)

.ARM            0x0000000008003664        0x0
                0x0000000008003664                . = ALIGN (0x4)
                0x0000000008003664                __exidx_start = .
 *(.ARM.exidx*)
                0x0000000008003664                __exidx_end = .
                0x0000000008003664                . = ALIGN (0x4)

.preinit_array  0x0000000008003664        0x0
                0x0000000008003664                . = ALIGN (0x4)
                0x0000000008003664                PROVIDE (__preinit_array_start = .)
 *(.preinit_array*)
                0x0000000008003664                PROVIDE (__preinit_array_end = .)
                0x0000000008003664                . = ALIGN (0x4)

.init_array     0x0000000008003664        0x8
                0x0000000008003664                . = ALIGN (0x4)
                0x0000000008003664                PROVIDE (__init_array_start = .)
 *(SORT_BY_NAME(.init_array.*))
 .init_array.00000
                0x0000000008003664        0x4 /opt/homebrew/Cellar/arm-none-eabi-gcc/10.3-2021.07/gcc/bin/../lib/gcc/arm-none-eabi/10.3.1/../../../../arm-none-eabi/lib/thumb/v7e-m/nofp/libg.a(lib_a-__call_atexit.o)
 *(.init_array*)
 .init_array    0x0000000008003668        0x4 /opt/homebrew/Cellar/arm-none-eabi-gcc/10.3-2021.07/gcc/bin/../lib/gcc/arm-none-eabi/10.3.1/thumb/v7e-m/nofp/crtbegin.o
                0x000000000800366c                PROVIDE (__init_array_end = .)
                0x000000000800366c                . = ALIGN (0x4)

.fini_array     0x000000000800366c        0x4
                0x000000000800366c                . = ALIGN (0x4)
                0x000000000800366c                PROVIDE (__fini_array_start = .)
 *(SORT_BY_NAME(.fini_array.*))
 *(.fini_array*)
 .fini_array    0x000000000800366c        0x4 /opt/homebrew/Cellar/arm-none-eabi-gcc/10.3-2021.07/gcc/bin/../lib/gcc/arm-none-eabi/10.3.1/thumb/v7e-m/nofp/crtbegin.o
                0x0000000008003670                PROVIDE (__fini_array_end = .)
                0x0000000008003670                . = ALIGN (0x4)
                0x0000000008003670                _sidata = LOADADDR (.data)

.data           0x0000000020000000      0x84c load address 0x0000000008003670
                0x0000000020000000                . = ALIGN (0x4)
                0x0000000020000000                _sdata = .
 *(.data)
 *(.data*)
 .data.uwTickFreq
                0x0000000020000000        0x1 CMakeFiles/STM_Basic.elf.dir/Drivers/STM32F3xx_HAL_Driver/Src/stm32f3xx_hal.c.obj
                0x0000000020000000                uwTickFreq
 *fill*         0x0000000020000001        0x3 
 .data.uwTickPrio
                0x0000000020000004        0x4 CMakeFiles/STM_Basic.elf.dir/Drivers/STM32F3xx_HAL_Driver/Src/stm32f3xx_hal.c.obj
                0x0000000020000004                uwTickPrio
 .data.SystemCoreClock
                0x0000000020000008        0x4 CMakeFiles/STM_Basic.elf.dir/Src/system_stm32f3xx.c.obj
                0x0000000020000008                SystemCoreClock
 .data._impure_ptr
                0x000000002000000c        0x4 /opt/homebrew/Cellar/arm-none-eabi-gcc/10.3-2021.07/gcc/bin/../lib/gcc/arm-none-eabi/10.3.1/../../../../arm-none-eabi/lib/thumb/v7e-m/nofp/libg.a(lib_a-impure.o)
                0x000000002000000c                _impure_ptr
 .data.impure_data
                0x0000000020000010      0x428 /opt/homebrew/Cellar/arm-none-eabi-gcc/10.3-2021.07/gcc/bin/../lib/gcc/arm-none-eabi/10.3.1/../../../../arm-none-eabi/lib/thumb/v7e-m/nofp/libg.a(lib_a-impure.o)
 .data.__malloc_av_
                0x0000000020000438      0x408 /opt/homebrew/Cellar/arm-none-eabi-gcc/10.3-2021.07/gcc/bin/../lib/gcc/arm-none-eabi/10.3.1/../../../../arm-none-eabi/lib/thumb/v7e-m/nofp/libg.a(lib_a-mallocr.o)
                0x0000000020000438                __malloc_av_
 .data.__malloc_sbrk_base
                0x0000000020000840        0x4 /opt/homebrew/Cellar/arm-none-eabi-gcc/10.3-2021.07/gcc/bin/../lib/gcc/arm-none-eabi/10.3.1/../../../../arm-none-eabi/lib/thumb/v7e-m/nofp/libg.a(lib_a-mallocr.o)
                0x0000000020000840                __malloc_sbrk_base
 .data.__malloc_trim_threshold
                0x0000000020000844        0x4 /opt/homebrew/Cellar/arm-none-eabi-gcc/10.3-2021.07/gcc/bin/../lib/gcc/arm-none-eabi/10.3.1/../../../../arm-none-eabi/lib/thumb/v7e-m/nofp/libg.a(lib_a-mallocr.o)
                0x0000000020000844                __malloc_trim_threshold
 .data.__atexit_recursive_mutex
                0x0000000020000848        0x4 /opt/homebrew/Cellar/arm-none-eabi-gcc/10.3-2021.07/gcc/bin/../lib/gcc/arm-none-eabi/10.3.1/../../../../arm-none-eabi/lib/thumb/v7e-m/nofp/libg.a(lib_a-__call_atexit.o)
                0x0000000020000848                __atexit_recursive_mutex
 *(.RamFunc)
 *(.RamFunc*)
                0x000000002000084c                . = ALIGN (0x4)
                0x000000002000084c                _edata = .
                0x0000000008003ebc                _siccmram = LOADADDR (.ccmram)

.igot.plt       0x000000002000084c        0x0 load address 0x0000000008003ebc
 .igot.plt      0x000000002000084c        0x0 /opt/homebrew/Cellar/arm-none-eabi-gcc/10.3-2021.07/gcc/bin/../lib/gcc/arm-none-eabi/10.3.1/thumb/v7e-m/nofp/crtbegin.o

.ccmram         0x0000000010000000        0x0 load address 0x0000000008003ebc
                0x0000000010000000                . = ALIGN (0x4)
                0x0000000010000000                _sccmram = .
 *(.ccmram)
 *(.ccmram*)
                0x0000000010000000                . = ALIGN (0x4)
                0x0000000010000000                _eccmram = .
                0x0000000010000000                . = ALIGN (0x4)

.bss            0x000000002000084c      0x4c8
                0x000000002000084c                _sbss = .
                0x000000002000084c                __bss_start__ = _sbss
 *(.bss)
 .bss           0x000000002000084c       0x1c /opt/homebrew/Cellar/arm-none-eabi-gcc/10.3-2021.07/gcc/bin/../lib/gcc/arm-none-eabi/10.3.1/thumb/v7e-m/nofp/crtbegin.o
 *(.bss*)
 .bss.uwTick    0x0000000020000868        0x4 CMakeFiles/STM_Basic.elf.dir/Drivers/STM32F3xx_HAL_Driver/Src/stm32f3xx_hal.c.obj
                0x0000000020000868                uwTick
 .bss.hdma_usart1_rx
                0x000000002000086c       0x44 CMakeFiles/STM_Basic.elf.dir/Src/main.c.obj
                0x000000002000086c                hdma_usart1_rx
 .bss.hi2c1     0x00000000200008b0       0x4c CMakeFiles/STM_Basic.elf.dir/Src/main.c.obj
                0x00000000200008b0                hi2c1
 .bss.hpcd_USB_FS
                0x00000000200008fc      0x2ec CMakeFiles/STM_Basic.elf.dir/Src/main.c.obj
                0x00000000200008fc                hpcd_USB_FS
 .bss.hspi1     0x0000000020000be8       0x64 CMakeFiles/STM_Basic.elf.dir/Src/main.c.obj
                0x0000000020000be8                hspi1
 .bss.huart1    0x0000000020000c4c       0x84 CMakeFiles/STM_Basic.elf.dir/Src/main.c.obj
                0x0000000020000c4c                huart1
 .bss.__sbrk_heap_end
                0x0000000020000cd0        0x4 CMakeFiles/STM_Basic.elf.dir/Src/sysmem.c.obj
 .bss.__malloc_current_mallinfo
                0x0000000020000cd4       0x28 /opt/homebrew/Cellar/arm-none-eabi-gcc/10.3-2021.07/gcc/bin/../lib/gcc/arm-none-eabi/10.3.1/../../../../arm-none-eabi/lib/thumb/v7e-m/nofp/libg.a(lib_a-mallocr.o)
                0x0000000020000cd4                __malloc_current_mallinfo
 .bss.__malloc_max_sbrked_mem
                0x0000000020000cfc        0x4 /opt/homebrew/Cellar/arm-none-eabi-gcc/10.3-2021.07/gcc/bin/../lib/gcc/arm-none-eabi/10.3.1/../../../../arm-none-eabi/lib/thumb/v7e-m/nofp/libg.a(lib_a-mallocr.o)
                0x0000000020000cfc                __malloc_max_sbrked_mem
 .bss.__malloc_max_total_mem
                0x0000000020000d00        0x4 /opt/homebrew/Cellar/arm-none-eabi-gcc/10.3-2021.07/gcc/bin/../lib/gcc/arm-none-eabi/10.3.1/../../../../arm-none-eabi/lib/thumb/v7e-m/nofp/libg.a(lib_a-mallocr.o)
                0x0000000020000d00                __malloc_max_total_mem
 .bss.__malloc_top_pad
                0x0000000020000d04        0x4 /opt/homebrew/Cellar/arm-none-eabi-gcc/10.3-2021.07/gcc/bin/../lib/gcc/arm-none-eabi/10.3.1/../../../../arm-none-eabi/lib/thumb/v7e-m/nofp/libg.a(lib_a-mallocr.o)
                0x0000000020000d04                __malloc_top_pad
 .bss.__lock___atexit_recursive_mutex
                0x0000000020000d08        0x1 /opt/homebrew/Cellar/arm-none-eabi-gcc/10.3-2021.07/gcc/bin/../lib/gcc/arm-none-eabi/10.3.1/../../../../arm-none-eabi/lib/thumb/v7e-m/nofp/libg.a(lib_a-lock.o)
                0x0000000020000d08                __lock___atexit_recursive_mutex
 *fill*         0x0000000020000d09        0x3 
 .bss.__lock___malloc_recursive_mutex
                0x0000000020000d0c        0x1 /opt/homebrew/Cellar/arm-none-eabi-gcc/10.3-2021.07/gcc/bin/../lib/gcc/arm-none-eabi/10.3.1/../../../../arm-none-eabi/lib/thumb/v7e-m/nofp/libg.a(lib_a-lock.o)
                0x0000000020000d0c                __lock___malloc_recursive_mutex
 *fill*         0x0000000020000d0d        0x3 
 .bss.errno     0x0000000020000d10        0x4 /opt/homebrew/Cellar/arm-none-eabi-gcc/10.3-2021.07/gcc/bin/../lib/gcc/arm-none-eabi/10.3.1/../../../../arm-none-eabi/lib/thumb/v7e-m/nofp/libg.a(lib_a-reent.o)
                0x0000000020000d10                errno
 *(COMMON)
                0x0000000020000d14                . = ALIGN (0x4)
                0x0000000020000d14                _ebss = .
                0x0000000020000d14                __bss_end__ = _ebss

._user_heap_stack
                0x0000000020000d14      0x604
                0x0000000020000d18                . = ALIGN (0x8)
 *fill*         0x0000000020000d14        0x4 
                [!provide]                        PROVIDE (end = .)
                0x0000000020000d18                PROVIDE (_end = .)
                0x0000000020000f18                . = (. + _Min_Heap_Size)
 *fill*         0x0000000020000d18      0x200 
                0x0000000020001318                . = (. + _Min_Stack_Size)
 *fill*         0x0000000020000f18      0x400 
                0x0000000020001318                . = ALIGN (0x8)

/DISCARD/
 libc.a(*)
 libm.a(*)
 libgcc.a(*)

.ARM.attributes
                0x0000000000000000       0x2a
 *(.ARM.attributes)
 .ARM.attributes
                0x0000000000000000       0x1e /opt/homebrew/Cellar/arm-none-eabi-gcc/10.3-2021.07/gcc/bin/../lib/gcc/arm-none-eabi/10.3.1/thumb/v7e-m/nofp/crti.o
 .ARM.attributes
                0x000000000000001e       0x2e /opt/homebrew/Cellar/arm-none-eabi-gcc/10.3-2021.07/gcc/bin/../lib/gcc/arm-none-eabi/10.3.1/thumb/v7e-m/nofp/crtbegin.o
 .ARM.attributes
                0x000000000000004c       0x2e CMakeFiles/STM_Basic.elf.dir/Drivers/STM32F3xx_HAL_Driver/Src/stm32f3xx_hal.c.obj
 .ARM.attributes
                0x000000000000007a       0x2e CMakeFiles/STM_Basic.elf.dir/Drivers/STM32F3xx_HAL_Driver/Src/stm32f3xx_hal_cortex.c.obj
 .ARM.attributes
                0x00000000000000a8       0x2e CMakeFiles/STM_Basic.elf.dir/Drivers/STM32F3xx_HAL_Driver/Src/stm32f3xx_hal_dma.c.obj
 .ARM.attributes
                0x00000000000000d6       0x2e CMakeFiles/STM_Basic.elf.dir/Drivers/STM32F3xx_HAL_Driver/Src/stm32f3xx_hal_gpio.c.obj
 .ARM.attributes
                0x0000000000000104       0x2e CMakeFiles/STM_Basic.elf.dir/Drivers/STM32F3xx_HAL_Driver/Src/stm32f3xx_hal_i2c.c.obj
 .ARM.attributes
                0x0000000000000132       0x2e CMakeFiles/STM_Basic.elf.dir/Drivers/STM32F3xx_HAL_Driver/Src/stm32f3xx_hal_i2c_ex.c.obj
 .ARM.attributes
                0x0000000000000160       0x2e CMakeFiles/STM_Basic.elf.dir/Drivers/STM32F3xx_HAL_Driver/Src/stm32f3xx_hal_pcd.c.obj
 .ARM.attributes
                0x000000000000018e       0x2e CMakeFiles/STM_Basic.elf.dir/Drivers/STM32F3xx_HAL_Driver/Src/stm32f3xx_hal_rcc.c.obj
 .ARM.attributes
                0x00000000000001bc       0x2e CMakeFiles/STM_Basic.elf.dir/Drivers/STM32F3xx_HAL_Driver/Src/stm32f3xx_hal_rcc_ex.c.obj
 .ARM.attributes
                0x00000000000001ea       0x2e CMakeFiles/STM_Basic.elf.dir/Drivers/STM32F3xx_HAL_Driver/Src/stm32f3xx_hal_spi.c.obj
 .ARM.attributes
                0x0000000000000218       0x2e CMakeFiles/STM_Basic.elf.dir/Drivers/STM32F3xx_HAL_Driver/Src/stm32f3xx_hal_uart.c.obj
 .ARM.attributes
                0x0000000000000246       0x2e CMakeFiles/STM_Basic.elf.dir/Drivers/STM32F3xx_HAL_Driver/Src/stm32f3xx_ll_usb.c.obj
 .ARM.attributes
                0x0000000000000274       0x2e CMakeFiles/STM_Basic.elf.dir/Src/main.c.obj
 .ARM.attributes
                0x00000000000002a2       0x2e CMakeFiles/STM_Basic.elf.dir/Src/stm32f3xx_hal_msp.c.obj
 .ARM.attributes
                0x00000000000002d0       0x2e CMakeFiles/STM_Basic.elf.dir/Src/stm32f3xx_it.c.obj
 .ARM.attributes
                0x00000000000002fe       0x2e CMakeFiles/STM_Basic.elf.dir/Src/sysmem.c.obj
 .ARM.attributes
                0x000000000000032c       0x2e CMakeFiles/STM_Basic.elf.dir/Src/system_stm32f3xx.c.obj
 .ARM.attributes
                0x000000000000035a       0x21 CMakeFiles/STM_Basic.elf.dir/Startup/startup_stm32f303vctx.s.obj
 .ARM.attributes
                0x000000000000037b       0x2e /opt/homebrew/Cellar/arm-none-eabi-gcc/10.3-2021.07/gcc/bin/../lib/gcc/arm-none-eabi/10.3.1/../../../../arm-none-eabi/lib/thumb/v7e-m/nofp/libg.a(lib_a-atoi.o)
 .ARM.attributes
                0x00000000000003a9       0x2e /opt/homebrew/Cellar/arm-none-eabi-gcc/10.3-2021.07/gcc/bin/../lib/gcc/arm-none-eabi/10.3.1/../../../../arm-none-eabi/lib/thumb/v7e-m/nofp/libg.a(lib_a-errno.o)
 .ARM.attributes
                0x00000000000003d7       0x2e /opt/homebrew/Cellar/arm-none-eabi-gcc/10.3-2021.07/gcc/bin/../lib/gcc/arm-none-eabi/10.3.1/../../../../arm-none-eabi/lib/thumb/v7e-m/nofp/libg.a(lib_a-impure.o)
 .ARM.attributes
                0x0000000000000405       0x2e /opt/homebrew/Cellar/arm-none-eabi-gcc/10.3-2021.07/gcc/bin/../lib/gcc/arm-none-eabi/10.3.1/../../../../arm-none-eabi/lib/thumb/v7e-m/nofp/libg.a(lib_a-init.o)
 .ARM.attributes
                0x0000000000000433       0x2e /opt/homebrew/Cellar/arm-none-eabi-gcc/10.3-2021.07/gcc/bin/../lib/gcc/arm-none-eabi/10.3.1/../../../../arm-none-eabi/lib/thumb/v7e-m/nofp/libg.a(lib_a-malloc.o)
 .ARM.attributes
                0x0000000000000461       0x2e /opt/homebrew/Cellar/arm-none-eabi-gcc/10.3-2021.07/gcc/bin/../lib/gcc/arm-none-eabi/10.3.1/../../../../arm-none-eabi/lib/thumb/v7e-m/nofp/libg.a(lib_a-mallocr.o)
 .ARM.attributes
                0x000000000000048f       0x2e /opt/homebrew/Cellar/arm-none-eabi-gcc/10.3-2021.07/gcc/bin/../lib/gcc/arm-none-eabi/10.3.1/../../../../arm-none-eabi/lib/thumb/v7e-m/nofp/libg.a(lib_a-memset.o)
 .ARM.attributes
                0x00000000000004bd       0x2e /opt/homebrew/Cellar/arm-none-eabi-gcc/10.3-2021.07/gcc/bin/../lib/gcc/arm-none-eabi/10.3.1/../../../../arm-none-eabi/lib/thumb/v7e-m/nofp/libg.a(lib_a-mlock.o)
 .ARM.attributes
                0x00000000000004eb       0x2e /opt/homebrew/Cellar/arm-none-eabi-gcc/10.3-2021.07/gcc/bin/../lib/gcc/arm-none-eabi/10.3.1/../../../../arm-none-eabi/lib/thumb/v7e-m/nofp/libg.a(lib_a-sbrkr.o)
 .ARM.attributes
                0x0000000000000519       0x1c /opt/homebrew/Cellar/arm-none-eabi-gcc/10.3-2021.07/gcc/bin/../lib/gcc/arm-none-eabi/10.3.1/../../../../arm-none-eabi/lib/thumb/v7e-m/nofp/libg.a(lib_a-strlen.o)
 .ARM.attributes
                0x0000000000000535       0x2e /opt/homebrew/Cellar/arm-none-eabi-gcc/10.3-2021.07/gcc/bin/../lib/gcc/arm-none-eabi/10.3.1/../../../../arm-none-eabi/lib/thumb/v7e-m/nofp/libg.a(lib_a-strstr.o)
 .ARM.attributes
                0x0000000000000563       0x2e /opt/homebrew/Cellar/arm-none-eabi-gcc/10.3-2021.07/gcc/bin/../lib/gcc/arm-none-eabi/10.3.1/../../../../arm-none-eabi/lib/thumb/v7e-m/nofp/libg.a(lib_a-strtol.o)
 .ARM.attributes
                0x0000000000000591       0x2e /opt/homebrew/Cellar/arm-none-eabi-gcc/10.3-2021.07/gcc/bin/../lib/gcc/arm-none-eabi/10.3.1/../../../../arm-none-eabi/lib/thumb/v7e-m/nofp/libg.a(lib_a-__call_atexit.o)
 .ARM.attributes
                0x00000000000005bf       0x2e /opt/homebrew/Cellar/arm-none-eabi-gcc/10.3-2021.07/gcc/bin/../lib/gcc/arm-none-eabi/10.3.1/../../../../arm-none-eabi/lib/thumb/v7e-m/nofp/libg.a(lib_a-atexit.o)
 .ARM.attributes
                0x00000000000005ed       0x2e /opt/homebrew/Cellar/arm-none-eabi-gcc/10.3-2021.07/gcc/bin/../lib/gcc/arm-none-eabi/10.3.1/../../../../arm-none-eabi/lib/thumb/v7e-m/nofp/libg.a(lib_a-ctype_.o)
 .ARM.attributes
                0x000000000000061b       0x2e /opt/homebrew/Cellar/arm-none-eabi-gcc/10.3-2021.07/gcc/bin/../lib/gcc/arm-none-eabi/10.3.1/../../../../arm-none-eabi/lib/thumb/v7e-m/nofp/libg.a(lib_a-fini.o)
 .ARM.attributes
                0x0000000000000649       0x2e /opt/homebrew/Cellar/arm-none-eabi-gcc/10.3-2021.07/gcc/bin/../lib/gcc/arm-none-eabi/10.3.1/../../../../arm-none-eabi/lib/thumb/v7e-m/nofp/libg.a(lib_a-freer.o)
 .ARM.attributes
                0x0000000000000677       0x2e /opt/homebrew/Cellar/arm-none-eabi-gcc/10.3-2021.07/gcc/bin/../lib/gcc/arm-none-eabi/10.3.1/../../../../arm-none-eabi/lib/thumb/v7e-m/nofp/libg.a(lib_a-lock.o)
 .ARM.attributes
                0x00000000000006a5       0x2e /opt/homebrew/Cellar/arm-none-eabi-gcc/10.3-2021.07/gcc/bin/../lib/gcc/arm-none-eabi/10.3.1/../../../../arm-none-eabi/lib/thumb/v7e-m/nofp/libg.a(lib_a-memcmp.o)
 .ARM.attributes
                0x00000000000006d3       0x2e /opt/homebrew/Cellar/arm-none-eabi-gcc/10.3-2021.07/gcc/bin/../lib/gcc/arm-none-eabi/10.3.1/../../../../arm-none-eabi/lib/thumb/v7e-m/nofp/libg.a(lib_a-reent.o)
 .ARM.attributes
                0x0000000000000701       0x2e /opt/homebrew/Cellar/arm-none-eabi-gcc/10.3-2021.07/gcc/bin/../lib/gcc/arm-none-eabi/10.3.1/../../../../arm-none-eabi/lib/thumb/v7e-m/nofp/libg.a(lib_a-strchr.o)
 .ARM.attributes
                0x000000000000072f       0x2e /opt/homebrew/Cellar/arm-none-eabi-gcc/10.3-2021.07/gcc/bin/../lib/gcc/arm-none-eabi/10.3.1/../../../../arm-none-eabi/lib/thumb/v7e-m/nofp/libg.a(lib_a-strnlen.o)
 .ARM.attributes
                0x000000000000075d       0x2e /opt/homebrew/Cellar/arm-none-eabi-gcc/10.3-2021.07/gcc/bin/../lib/gcc/arm-none-eabi/10.3.1/../../../../arm-none-eabi/lib/thumb/v7e-m/nofp/libg.a(lib_a-__atexit.o)
 .ARM.attributes
                0x000000000000078b       0x1e /opt/homebrew/Cellar/arm-none-eabi-gcc/10.3-2021.07/gcc/bin/../lib/gcc/arm-none-eabi/10.3.1/thumb/v7e-m/nofp/crtn.o
OUTPUT(STM_Basic.elf elf32-littlearm)
LOAD linker stubs
LOAD /opt/homebrew/Cellar/arm-none-eabi-gcc/10.3-2021.07/gcc/bin/../lib/gcc/arm-none-eabi/10.3.1/../../../../arm-none-eabi/lib/thumb/v7e-m/nofp/libc.a
LOAD /opt/homebrew/Cellar/arm-none-eabi-gcc/10.3-2021.07/gcc/bin/../lib/gcc/arm-none-eabi/10.3.1/../../../../arm-none-eabi/lib/thumb/v7e-m/nofp/libm.a
LOAD /opt/homebrew/Cellar/arm-none-eabi-gcc/10.3-2021.07/gcc/bin/../lib/gcc/arm-none-eabi/10.3.1/thumb/v7e-m/nofp/libgcc.a

.debug_info     0x0000000000000000    0x17193
 .debug_info    0x0000000000000000      0x87b CMakeFiles/STM_Basic.elf.dir/Drivers/STM32F3xx_HAL_Driver/Src/stm32f3xx_hal.c.obj
 .debug_info    0x000000000000087b      0xff4 CMakeFiles/STM_Basic.elf.dir/Drivers/STM32F3xx_HAL_Driver/Src/stm32f3xx_hal_cortex.c.obj
 .debug_info    0x000000000000186f      0x87f CMakeFiles/STM_Basic.elf.dir/Drivers/STM32F3xx_HAL_Driver/Src/stm32f3xx_hal_dma.c.obj
 .debug_info    0x00000000000020ee      0x6c0 CMakeFiles/STM_Basic.elf.dir/Drivers/STM32F3xx_HAL_Driver/Src/stm32f3xx_hal_gpio.c.obj
 .debug_info    0x00000000000027ae     0x3f58 CMakeFiles/STM_Basic.elf.dir/Drivers/STM32F3xx_HAL_Driver/Src/stm32f3xx_hal_i2c.c.obj
 .debug_info    0x0000000000006706      0x8ae CMakeFiles/STM_Basic.elf.dir/Drivers/STM32F3xx_HAL_Driver/Src/stm32f3xx_hal_i2c_ex.c.obj
 .debug_info    0x0000000000006fb4     0x1bad CMakeFiles/STM_Basic.elf.dir/Drivers/STM32F3xx_HAL_Driver/Src/stm32f3xx_hal_pcd.c.obj
 .debug_info    0x0000000000008b61     0x161c CMakeFiles/STM_Basic.elf.dir/Drivers/STM32F3xx_HAL_Driver/Src/stm32f3xx_hal_rcc.c.obj
 .debug_info    0x000000000000a17d      0x795 CMakeFiles/STM_Basic.elf.dir/Drivers/STM32F3xx_HAL_Driver/Src/stm32f3xx_hal_rcc_ex.c.obj
 .debug_info    0x000000000000a912     0x219f CMakeFiles/STM_Basic.elf.dir/Drivers/STM32F3xx_HAL_Driver/Src/stm32f3xx_hal_spi.c.obj
 .debug_info    0x000000000000cab1     0x4f2c CMakeFiles/STM_Basic.elf.dir/Drivers/STM32F3xx_HAL_Driver/Src/stm32f3xx_hal_uart.c.obj
 .debug_info    0x00000000000119dd     0x197c CMakeFiles/STM_Basic.elf.dir/Drivers/STM32F3xx_HAL_Driver/Src/stm32f3xx_ll_usb.c.obj
 .debug_info    0x0000000000013359     0x2004 CMakeFiles/STM_Basic.elf.dir/Src/main.c.obj
 .debug_info    0x000000000001535d     0x1685 CMakeFiles/STM_Basic.elf.dir/Src/stm32f3xx_hal_msp.c.obj
 .debug_info    0x00000000000169e2      0x3b0 CMakeFiles/STM_Basic.elf.dir/Src/stm32f3xx_it.c.obj
 .debug_info    0x0000000000016d92      0x174 CMakeFiles/STM_Basic.elf.dir/Src/sysmem.c.obj
 .debug_info    0x0000000000016f06      0x26b CMakeFiles/STM_Basic.elf.dir/Src/system_stm32f3xx.c.obj
 .debug_info    0x0000000000017171       0x22 CMakeFiles/STM_Basic.elf.dir/Startup/startup_stm32f303vctx.s.obj

.debug_abbrev   0x0000000000000000     0x25b9
 .debug_abbrev  0x0000000000000000      0x207 CMakeFiles/STM_Basic.elf.dir/Drivers/STM32F3xx_HAL_Driver/Src/stm32f3xx_hal.c.obj
 .debug_abbrev  0x0000000000000207      0x36a CMakeFiles/STM_Basic.elf.dir/Drivers/STM32F3xx_HAL_Driver/Src/stm32f3xx_hal_cortex.c.obj
 .debug_abbrev  0x0000000000000571      0x212 CMakeFiles/STM_Basic.elf.dir/Drivers/STM32F3xx_HAL_Driver/Src/stm32f3xx_hal_dma.c.obj
 .debug_abbrev  0x0000000000000783      0x1e6 CMakeFiles/STM_Basic.elf.dir/Drivers/STM32F3xx_HAL_Driver/Src/stm32f3xx_hal_gpio.c.obj
 .debug_abbrev  0x0000000000000969      0x252 CMakeFiles/STM_Basic.elf.dir/Drivers/STM32F3xx_HAL_Driver/Src/stm32f3xx_hal_i2c.c.obj
 .debug_abbrev  0x0000000000000bbb      0x1b3 CMakeFiles/STM_Basic.elf.dir/Drivers/STM32F3xx_HAL_Driver/Src/stm32f3xx_hal_i2c_ex.c.obj
 .debug_abbrev  0x0000000000000d6e      0x2c6 CMakeFiles/STM_Basic.elf.dir/Drivers/STM32F3xx_HAL_Driver/Src/stm32f3xx_hal_pcd.c.obj
 .debug_abbrev  0x0000000000001034      0x2e6 CMakeFiles/STM_Basic.elf.dir/Drivers/STM32F3xx_HAL_Driver/Src/stm32f3xx_hal_rcc.c.obj
 .debug_abbrev  0x000000000000131a      0x275 CMakeFiles/STM_Basic.elf.dir/Drivers/STM32F3xx_HAL_Driver/Src/stm32f3xx_hal_rcc_ex.c.obj
 .debug_abbrev  0x000000000000158f      0x23b CMakeFiles/STM_Basic.elf.dir/Drivers/STM32F3xx_HAL_Driver/Src/stm32f3xx_hal_spi.c.obj
 .debug_abbrev  0x00000000000017ca      0x2cc CMakeFiles/STM_Basic.elf.dir/Drivers/STM32F3xx_HAL_Driver/Src/stm32f3xx_hal_uart.c.obj
 .debug_abbrev  0x0000000000001a96      0x2af CMakeFiles/STM_Basic.elf.dir/Drivers/STM32F3xx_HAL_Driver/Src/stm32f3xx_ll_usb.c.obj
 .debug_abbrev  0x0000000000001d45      0x2de CMakeFiles/STM_Basic.elf.dir/Src/main.c.obj
 .debug_abbrev  0x0000000000002023      0x230 CMakeFiles/STM_Basic.elf.dir/Src/stm32f3xx_hal_msp.c.obj
 .debug_abbrev  0x0000000000002253      0x154 CMakeFiles/STM_Basic.elf.dir/Src/stm32f3xx_it.c.obj
 .debug_abbrev  0x00000000000023a7       0xe7 CMakeFiles/STM_Basic.elf.dir/Src/sysmem.c.obj
 .debug_abbrev  0x000000000000248e      0x119 CMakeFiles/STM_Basic.elf.dir/Src/system_stm32f3xx.c.obj
 .debug_abbrev  0x00000000000025a7       0x12 CMakeFiles/STM_Basic.elf.dir/Startup/startup_stm32f303vctx.s.obj

.debug_loc      0x0000000000000000    0x110ce
 .debug_loc     0x0000000000000000      0x141 CMakeFiles/STM_Basic.elf.dir/Drivers/STM32F3xx_HAL_Driver/Src/stm32f3xx_hal.c.obj
 .debug_loc     0x0000000000000141      0x744 CMakeFiles/STM_Basic.elf.dir/Drivers/STM32F3xx_HAL_Driver/Src/stm32f3xx_hal_cortex.c.obj
 .debug_loc     0x0000000000000885      0x7f8 CMakeFiles/STM_Basic.elf.dir/Drivers/STM32F3xx_HAL_Driver/Src/stm32f3xx_hal_dma.c.obj
 .debug_loc     0x000000000000107d      0x3b3 CMakeFiles/STM_Basic.elf.dir/Drivers/STM32F3xx_HAL_Driver/Src/stm32f3xx_hal_gpio.c.obj
 .debug_loc     0x0000000000001430     0x4551 CMakeFiles/STM_Basic.elf.dir/Drivers/STM32F3xx_HAL_Driver/Src/stm32f3xx_hal_i2c.c.obj
 .debug_loc     0x0000000000005981      0x202 CMakeFiles/STM_Basic.elf.dir/Drivers/STM32F3xx_HAL_Driver/Src/stm32f3xx_hal_i2c_ex.c.obj
 .debug_loc     0x0000000000005b83     0x14b2 CMakeFiles/STM_Basic.elf.dir/Drivers/STM32F3xx_HAL_Driver/Src/stm32f3xx_hal_pcd.c.obj
 .debug_loc     0x0000000000007035      0xe00 CMakeFiles/STM_Basic.elf.dir/Drivers/STM32F3xx_HAL_Driver/Src/stm32f3xx_hal_rcc.c.obj
 .debug_loc     0x0000000000007e35      0xa80 CMakeFiles/STM_Basic.elf.dir/Drivers/STM32F3xx_HAL_Driver/Src/stm32f3xx_hal_rcc_ex.c.obj
 .debug_loc     0x00000000000088b5     0x2088 CMakeFiles/STM_Basic.elf.dir/Drivers/STM32F3xx_HAL_Driver/Src/stm32f3xx_hal_spi.c.obj
 .debug_loc     0x000000000000a93d     0x4b36 CMakeFiles/STM_Basic.elf.dir/Drivers/STM32F3xx_HAL_Driver/Src/stm32f3xx_hal_uart.c.obj
 .debug_loc     0x000000000000f473     0x1812 CMakeFiles/STM_Basic.elf.dir/Drivers/STM32F3xx_HAL_Driver/Src/stm32f3xx_ll_usb.c.obj
 .debug_loc     0x0000000000010c85       0xe2 CMakeFiles/STM_Basic.elf.dir/Src/main.c.obj
 .debug_loc     0x0000000000010d67      0x1e0 CMakeFiles/STM_Basic.elf.dir/Src/stm32f3xx_hal_msp.c.obj
 .debug_loc     0x0000000000010f47       0x64 CMakeFiles/STM_Basic.elf.dir/Src/sysmem.c.obj
 .debug_loc     0x0000000000010fab      0x123 CMakeFiles/STM_Basic.elf.dir/Src/system_stm32f3xx.c.obj

.debug_aranges  0x0000000000000000      0xd88
 .debug_aranges
                0x0000000000000000       0xe0 CMakeFiles/STM_Basic.elf.dir/Drivers/STM32F3xx_HAL_Driver/Src/stm32f3xx_hal.c.obj
 .debug_aranges
                0x00000000000000e0       0xa8 CMakeFiles/STM_Basic.elf.dir/Drivers/STM32F3xx_HAL_Driver/Src/stm32f3xx_hal_cortex.c.obj
 .debug_aranges
                0x0000000000000188       0x88 CMakeFiles/STM_Basic.elf.dir/Drivers/STM32F3xx_HAL_Driver/Src/stm32f3xx_hal_dma.c.obj
 .debug_aranges
                0x0000000000000210       0x58 CMakeFiles/STM_Basic.elf.dir/Drivers/STM32F3xx_HAL_Driver/Src/stm32f3xx_hal_gpio.c.obj
 .debug_aranges
                0x0000000000000268      0x290 CMakeFiles/STM_Basic.elf.dir/Drivers/STM32F3xx_HAL_Driver/Src/stm32f3xx_hal_i2c.c.obj
 .debug_aranges
                0x00000000000004f8       0x48 CMakeFiles/STM_Basic.elf.dir/Drivers/STM32F3xx_HAL_Driver/Src/stm32f3xx_hal_i2c_ex.c.obj
 .debug_aranges
                0x0000000000000540      0x138 CMakeFiles/STM_Basic.elf.dir/Drivers/STM32F3xx_HAL_Driver/Src/stm32f3xx_hal_pcd.c.obj
 .debug_aranges
                0x0000000000000678       0x88 CMakeFiles/STM_Basic.elf.dir/Drivers/STM32F3xx_HAL_Driver/Src/stm32f3xx_hal_rcc.c.obj
 .debug_aranges
                0x0000000000000700       0x38 CMakeFiles/STM_Basic.elf.dir/Drivers/STM32F3xx_HAL_Driver/Src/stm32f3xx_hal_rcc_ex.c.obj
 .debug_aranges
                0x0000000000000738      0x1d8 CMakeFiles/STM_Basic.elf.dir/Drivers/STM32F3xx_HAL_Driver/Src/stm32f3xx_hal_spi.c.obj
 .debug_aranges
                0x0000000000000910      0x228 CMakeFiles/STM_Basic.elf.dir/Drivers/STM32F3xx_HAL_Driver/Src/stm32f3xx_hal_uart.c.obj
 .debug_aranges
                0x0000000000000b38       0xb0 CMakeFiles/STM_Basic.elf.dir/Drivers/STM32F3xx_HAL_Driver/Src/stm32f3xx_ll_usb.c.obj
 .debug_aranges
                0x0000000000000be8       0x68 CMakeFiles/STM_Basic.elf.dir/Src/main.c.obj
 .debug_aranges
                0x0000000000000c50       0x60 CMakeFiles/STM_Basic.elf.dir/Src/stm32f3xx_hal_msp.c.obj
 .debug_aranges
                0x0000000000000cb0       0x68 CMakeFiles/STM_Basic.elf.dir/Src/stm32f3xx_it.c.obj
 .debug_aranges
                0x0000000000000d18       0x20 CMakeFiles/STM_Basic.elf.dir/Src/sysmem.c.obj
 .debug_aranges
                0x0000000000000d38       0x28 CMakeFiles/STM_Basic.elf.dir/Src/system_stm32f3xx.c.obj
 .debug_aranges
                0x0000000000000d60       0x28 CMakeFiles/STM_Basic.elf.dir/Startup/startup_stm32f303vctx.s.obj

.debug_ranges   0x0000000000000000     0x1038
 .debug_ranges  0x0000000000000000       0xd0 CMakeFiles/STM_Basic.elf.dir/Drivers/STM32F3xx_HAL_Driver/Src/stm32f3xx_hal.c.obj
 .debug_ranges  0x00000000000000d0       0xf8 CMakeFiles/STM_Basic.elf.dir/Drivers/STM32F3xx_HAL_Driver/Src/stm32f3xx_hal_cortex.c.obj
 .debug_ranges  0x00000000000001c8       0x78 CMakeFiles/STM_Basic.elf.dir/Drivers/STM32F3xx_HAL_Driver/Src/stm32f3xx_hal_dma.c.obj
 .debug_ranges  0x0000000000000240       0x48 CMakeFiles/STM_Basic.elf.dir/Drivers/STM32F3xx_HAL_Driver/Src/stm32f3xx_hal_gpio.c.obj
 .debug_ranges  0x0000000000000288      0x280 CMakeFiles/STM_Basic.elf.dir/Drivers/STM32F3xx_HAL_Driver/Src/stm32f3xx_hal_i2c.c.obj
 .debug_ranges  0x0000000000000508       0x38 CMakeFiles/STM_Basic.elf.dir/Drivers/STM32F3xx_HAL_Driver/Src/stm32f3xx_hal_i2c_ex.c.obj
 .debug_ranges  0x0000000000000540      0x208 CMakeFiles/STM_Basic.elf.dir/Drivers/STM32F3xx_HAL_Driver/Src/stm32f3xx_hal_pcd.c.obj
 .debug_ranges  0x0000000000000748       0x98 CMakeFiles/STM_Basic.elf.dir/Drivers/STM32F3xx_HAL_Driver/Src/stm32f3xx_hal_rcc.c.obj
 .debug_ranges  0x00000000000007e0       0x28 CMakeFiles/STM_Basic.elf.dir/Drivers/STM32F3xx_HAL_Driver/Src/stm32f3xx_hal_rcc_ex.c.obj
 .debug_ranges  0x0000000000000808      0x1c8 CMakeFiles/STM_Basic.elf.dir/Drivers/STM32F3xx_HAL_Driver/Src/stm32f3xx_hal_spi.c.obj
 .debug_ranges  0x00000000000009d0      0x230 CMakeFiles/STM_Basic.elf.dir/Drivers/STM32F3xx_HAL_Driver/Src/stm32f3xx_hal_uart.c.obj
 .debug_ranges  0x0000000000000c00      0x2d8 CMakeFiles/STM_Basic.elf.dir/Drivers/STM32F3xx_HAL_Driver/Src/stm32f3xx_ll_usb.c.obj
 .debug_ranges  0x0000000000000ed8       0x70 CMakeFiles/STM_Basic.elf.dir/Src/main.c.obj
 .debug_ranges  0x0000000000000f48       0x50 CMakeFiles/STM_Basic.elf.dir/Src/stm32f3xx_hal_msp.c.obj
 .debug_ranges  0x0000000000000f98       0x58 CMakeFiles/STM_Basic.elf.dir/Src/stm32f3xx_it.c.obj
 .debug_ranges  0x0000000000000ff0       0x10 CMakeFiles/STM_Basic.elf.dir/Src/sysmem.c.obj
 .debug_ranges  0x0000000000001000       0x18 CMakeFiles/STM_Basic.elf.dir/Src/system_stm32f3xx.c.obj
 .debug_ranges  0x0000000000001018       0x20 CMakeFiles/STM_Basic.elf.dir/Startup/startup_stm32f303vctx.s.obj

.debug_line     0x0000000000000000    0x14ff8
 .debug_line    0x0000000000000000      0x5f6 CMakeFiles/STM_Basic.elf.dir/Drivers/STM32F3xx_HAL_Driver/Src/stm32f3xx_hal.c.obj
 .debug_line    0x00000000000005f6      0x81b CMakeFiles/STM_Basic.elf.dir/Drivers/STM32F3xx_HAL_Driver/Src/stm32f3xx_hal_cortex.c.obj
 .debug_line    0x0000000000000e11      0xa91 CMakeFiles/STM_Basic.elf.dir/Drivers/STM32F3xx_HAL_Driver/Src/stm32f3xx_hal_dma.c.obj
 .debug_line    0x00000000000018a2      0x70f CMakeFiles/STM_Basic.elf.dir/Drivers/STM32F3xx_HAL_Driver/Src/stm32f3xx_hal_gpio.c.obj
 .debug_line    0x0000000000001fb1     0x48f8 CMakeFiles/STM_Basic.elf.dir/Drivers/STM32F3xx_HAL_Driver/Src/stm32f3xx_hal_i2c.c.obj
 .debug_line    0x00000000000068a9      0x55e CMakeFiles/STM_Basic.elf.dir/Drivers/STM32F3xx_HAL_Driver/Src/stm32f3xx_hal_i2c_ex.c.obj
 .debug_line    0x0000000000006e07     0x189d CMakeFiles/STM_Basic.elf.dir/Drivers/STM32F3xx_HAL_Driver/Src/stm32f3xx_hal_pcd.c.obj
 .debug_line    0x00000000000086a4     0x1291 CMakeFiles/STM_Basic.elf.dir/Drivers/STM32F3xx_HAL_Driver/Src/stm32f3xx_hal_rcc.c.obj
 .debug_line    0x0000000000009935      0xbd6 CMakeFiles/STM_Basic.elf.dir/Drivers/STM32F3xx_HAL_Driver/Src/stm32f3xx_hal_rcc_ex.c.obj
 .debug_line    0x000000000000a50b     0x29f7 CMakeFiles/STM_Basic.elf.dir/Drivers/STM32F3xx_HAL_Driver/Src/stm32f3xx_hal_spi.c.obj
 .debug_line    0x000000000000cf02     0x5141 CMakeFiles/STM_Basic.elf.dir/Drivers/STM32F3xx_HAL_Driver/Src/stm32f3xx_hal_uart.c.obj
 .debug_line    0x0000000000012043     0x188b CMakeFiles/STM_Basic.elf.dir/Drivers/STM32F3xx_HAL_Driver/Src/stm32f3xx_ll_usb.c.obj
 .debug_line    0x00000000000138ce      0x8b6 CMakeFiles/STM_Basic.elf.dir/Src/main.c.obj
 .debug_line    0x0000000000014184      0x5e3 CMakeFiles/STM_Basic.elf.dir/Src/stm32f3xx_hal_msp.c.obj
 .debug_line    0x0000000000014767      0x35c CMakeFiles/STM_Basic.elf.dir/Src/stm32f3xx_it.c.obj
 .debug_line    0x0000000000014ac3      0x201 CMakeFiles/STM_Basic.elf.dir/Src/sysmem.c.obj
 .debug_line    0x0000000000014cc4      0x27f CMakeFiles/STM_Basic.elf.dir/Src/system_stm32f3xx.c.obj
 .debug_line    0x0000000000014f43       0xb5 CMakeFiles/STM_Basic.elf.dir/Startup/startup_stm32f303vctx.s.obj

.debug_str      0x0000000000000000     0x451e
 .debug_str     0x0000000000000000      0x9a3 CMakeFiles/STM_Basic.elf.dir/Drivers/STM32F3xx_HAL_Driver/Src/stm32f3xx_hal.c.obj
                                        0xa06 (size before relaxing)
 .debug_str     0x00000000000009a3      0x51a CMakeFiles/STM_Basic.elf.dir/Drivers/STM32F3xx_HAL_Driver/Src/stm32f3xx_hal_cortex.c.obj
                                        0xbc0 (size before relaxing)
 .debug_str     0x0000000000000ebd      0x421 CMakeFiles/STM_Basic.elf.dir/Drivers/STM32F3xx_HAL_Driver/Src/stm32f3xx_hal_dma.c.obj
                                        0x678 (size before relaxing)
 .debug_str     0x00000000000012de      0x220 CMakeFiles/STM_Basic.elf.dir/Drivers/STM32F3xx_HAL_Driver/Src/stm32f3xx_hal_gpio.c.obj
                                        0x48b (size before relaxing)
 .debug_str     0x00000000000014fe      0xb32 CMakeFiles/STM_Basic.elf.dir/Drivers/STM32F3xx_HAL_Driver/Src/stm32f3xx_hal_i2c.c.obj
                                        0xfde (size before relaxing)
 .debug_str     0x0000000000002030      0x125 CMakeFiles/STM_Basic.elf.dir/Drivers/STM32F3xx_HAL_Driver/Src/stm32f3xx_hal_i2c_ex.c.obj
                                        0x83b (size before relaxing)
 .debug_str     0x0000000000002155      0x7f5 CMakeFiles/STM_Basic.elf.dir/Drivers/STM32F3xx_HAL_Driver/Src/stm32f3xx_hal_pcd.c.obj
                                        0xae4 (size before relaxing)
 .debug_str     0x000000000000294a      0x375 CMakeFiles/STM_Basic.elf.dir/Drivers/STM32F3xx_HAL_Driver/Src/stm32f3xx_hal_rcc.c.obj
                                        0x6d8 (size before relaxing)
 .debug_str     0x0000000000002cbf      0x261 CMakeFiles/STM_Basic.elf.dir/Drivers/STM32F3xx_HAL_Driver/Src/stm32f3xx_hal_rcc_ex.c.obj
                                        0x594 (size before relaxing)
 .debug_str     0x0000000000002f20      0x77e CMakeFiles/STM_Basic.elf.dir/Drivers/STM32F3xx_HAL_Driver/Src/stm32f3xx_hal_spi.c.obj
                                        0xc3d (size before relaxing)
 .debug_str     0x000000000000369e      0x964 CMakeFiles/STM_Basic.elf.dir/Drivers/STM32F3xx_HAL_Driver/Src/stm32f3xx_hal_uart.c.obj
                                        0xf33 (size before relaxing)
 .debug_str     0x0000000000004002       0xfe CMakeFiles/STM_Basic.elf.dir/Drivers/STM32F3xx_HAL_Driver/Src/stm32f3xx_ll_usb.c.obj
                                        0x696 (size before relaxing)
 .debug_str     0x0000000000004100      0x151 CMakeFiles/STM_Basic.elf.dir/Src/main.c.obj
                                       0x1711 (size before relaxing)
 .debug_str     0x0000000000004251       0x4d CMakeFiles/STM_Basic.elf.dir/Src/stm32f3xx_hal_msp.c.obj
                                        0xf3a (size before relaxing)
 .debug_str     0x000000000000429e       0xf1 CMakeFiles/STM_Basic.elf.dir/Src/stm32f3xx_it.c.obj
                                        0x4a6 (size before relaxing)
 .debug_str     0x000000000000438f       0xaa CMakeFiles/STM_Basic.elf.dir/Src/sysmem.c.obj
                                        0x276 (size before relaxing)
 .debug_str     0x0000000000004439       0x82 CMakeFiles/STM_Basic.elf.dir/Src/system_stm32f3xx.c.obj
                                        0x2cd (size before relaxing)
 .debug_str     0x00000000000044bb       0x63 CMakeFiles/STM_Basic.elf.dir/Startup/startup_stm32f303vctx.s.obj
                                         0xaa (size before relaxing)

.comment        0x0000000000000000       0x49
 .comment       0x0000000000000000       0x49 CMakeFiles/STM_Basic.elf.dir/Drivers/STM32F3xx_HAL_Driver/Src/stm32f3xx_hal.c.obj
                                         0x4a (size before relaxing)
 .comment       0x0000000000000049       0x4a CMakeFiles/STM_Basic.elf.dir/Drivers/STM32F3xx_HAL_Driver/Src/stm32f3xx_hal_cortex.c.obj
 .comment       0x0000000000000049       0x4a CMakeFiles/STM_Basic.elf.dir/Drivers/STM32F3xx_HAL_Driver/Src/stm32f3xx_hal_dma.c.obj
 .comment       0x0000000000000049       0x4a CMakeFiles/STM_Basic.elf.dir/Drivers/STM32F3xx_HAL_Driver/Src/stm32f3xx_hal_gpio.c.obj
 .comment       0x0000000000000049       0x4a CMakeFiles/STM_Basic.elf.dir/Drivers/STM32F3xx_HAL_Driver/Src/stm32f3xx_hal_i2c.c.obj
 .comment       0x0000000000000049       0x4a CMakeFiles/STM_Basic.elf.dir/Drivers/STM32F3xx_HAL_Driver/Src/stm32f3xx_hal_i2c_ex.c.obj
 .comment       0x0000000000000049       0x4a CMakeFiles/STM_Basic.elf.dir/Drivers/STM32F3xx_HAL_Driver/Src/stm32f3xx_hal_pcd.c.obj
 .comment       0x0000000000000049       0x4a CMakeFiles/STM_Basic.elf.dir/Drivers/STM32F3xx_HAL_Driver/Src/stm32f3xx_hal_rcc.c.obj
 .comment       0x0000000000000049       0x4a CMakeFiles/STM_Basic.elf.dir/Drivers/STM32F3xx_HAL_Driver/Src/stm32f3xx_hal_rcc_ex.c.obj
 .comment       0x0000000000000049       0x4a CMakeFiles/STM_Basic.elf.dir/Drivers/STM32F3xx_HAL_Driver/Src/stm32f3xx_hal_spi.c.obj
 .comment       0x0000000000000049       0x4a CMakeFiles/STM_Basic.elf.dir/Drivers/STM32F3xx_HAL_Driver/Src/stm32f3xx_hal_uart.c.obj
 .comment       0x0000000000000049       0x4a CMakeFiles/STM_Basic.elf.dir/Drivers/STM32F3xx_HAL_Driver/Src/stm32f3xx_ll_usb.c.obj
 .comment       0x0000000000000049       0x4a CMakeFiles/STM_Basic.elf.dir/Src/main.c.obj
 .comment       0x0000000000000049       0x4a CMakeFiles/STM_Basic.elf.dir/Src/stm32f3xx_hal_msp.c.obj
 .comment       0x0000000000000049       0x4a CMakeFiles/STM_Basic.elf.dir/Src/stm32f3xx_it.c.obj
 .comment       0x0000000000000049       0x4a CMakeFiles/STM_Basic.elf.dir/Src/sysmem.c.obj
 .comment       0x0000000000000049       0x4a CMakeFiles/STM_Basic.elf.dir/Src/system_stm32f3xx.c.obj

.debug_frame    0x0000000000000000     0x2a48
 .debug_frame   0x0000000000000000      0x1cc CMakeFiles/STM_Basic.elf.dir/Drivers/STM32F3xx_HAL_Driver/Src/stm32f3xx_hal.c.obj
 .debug_frame   0x00000000000001cc      0x148 CMakeFiles/STM_Basic.elf.dir/Drivers/STM32F3xx_HAL_Driver/Src/stm32f3xx_hal_cortex.c.obj
 .debug_frame   0x0000000000000314      0x160 CMakeFiles/STM_Basic.elf.dir/Drivers/STM32F3xx_HAL_Driver/Src/stm32f3xx_hal_dma.c.obj
 .debug_frame   0x0000000000000474       0xd0 CMakeFiles/STM_Basic.elf.dir/Drivers/STM32F3xx_HAL_Driver/Src/stm32f3xx_hal_gpio.c.obj
 .debug_frame   0x0000000000000544      0x934 CMakeFiles/STM_Basic.elf.dir/Drivers/STM32F3xx_HAL_Driver/Src/stm32f3xx_hal_i2c.c.obj
 .debug_frame   0x0000000000000e78       0x80 CMakeFiles/STM_Basic.elf.dir/Drivers/STM32F3xx_HAL_Driver/Src/stm32f3xx_hal_i2c_ex.c.obj
 .debug_frame   0x0000000000000ef8      0x338 CMakeFiles/STM_Basic.elf.dir/Drivers/STM32F3xx_HAL_Driver/Src/stm32f3xx_hal_pcd.c.obj
 .debug_frame   0x0000000000001230      0x16c CMakeFiles/STM_Basic.elf.dir/Drivers/STM32F3xx_HAL_Driver/Src/stm32f3xx_hal_rcc.c.obj
 .debug_frame   0x000000000000139c       0x7c CMakeFiles/STM_Basic.elf.dir/Drivers/STM32F3xx_HAL_Driver/Src/stm32f3xx_hal_rcc_ex.c.obj
 .debug_frame   0x0000000000001418      0x5d8 CMakeFiles/STM_Basic.elf.dir/Drivers/STM32F3xx_HAL_Driver/Src/stm32f3xx_hal_spi.c.obj
 .debug_frame   0x00000000000019f0      0x600 CMakeFiles/STM_Basic.elf.dir/Drivers/STM32F3xx_HAL_Driver/Src/stm32f3xx_hal_uart.c.obj
 .debug_frame   0x0000000000001ff0      0x17c CMakeFiles/STM_Basic.elf.dir/Drivers/STM32F3xx_HAL_Driver/Src/stm32f3xx_ll_usb.c.obj
 .debug_frame   0x000000000000216c      0x11c CMakeFiles/STM_Basic.elf.dir/Src/main.c.obj
 .debug_frame   0x0000000000002288      0x10c CMakeFiles/STM_Basic.elf.dir/Src/stm32f3xx_hal_msp.c.obj
 .debug_frame   0x0000000000002394       0xc0 CMakeFiles/STM_Basic.elf.dir/Src/stm32f3xx_it.c.obj
 .debug_frame   0x0000000000002454       0x28 CMakeFiles/STM_Basic.elf.dir/Src/sysmem.c.obj
 .debug_frame   0x000000000000247c       0x30 CMakeFiles/STM_Basic.elf.dir/Src/system_stm32f3xx.c.obj
 .debug_frame   0x00000000000024ac       0x30 /opt/homebrew/Cellar/arm-none-eabi-gcc/10.3-2021.07/gcc/bin/../lib/gcc/arm-none-eabi/10.3.1/../../../../arm-none-eabi/lib/thumb/v7e-m/nofp/libg.a(lib_a-atoi.o)
 .debug_frame   0x00000000000024dc       0x20 /opt/homebrew/Cellar/arm-none-eabi-gcc/10.3-2021.07/gcc/bin/../lib/gcc/arm-none-eabi/10.3.1/../../../../arm-none-eabi/lib/thumb/v7e-m/nofp/libg.a(lib_a-errno.o)
 .debug_frame   0x00000000000024fc       0x2c /opt/homebrew/Cellar/arm-none-eabi-gcc/10.3-2021.07/gcc/bin/../lib/gcc/arm-none-eabi/10.3.1/../../../../arm-none-eabi/lib/thumb/v7e-m/nofp/libg.a(lib_a-init.o)
 .debug_frame   0x0000000000002528       0x30 /opt/homebrew/Cellar/arm-none-eabi-gcc/10.3-2021.07/gcc/bin/../lib/gcc/arm-none-eabi/10.3.1/../../../../arm-none-eabi/lib/thumb/v7e-m/nofp/libg.a(lib_a-malloc.o)
 .debug_frame   0x0000000000002558       0x4c /opt/homebrew/Cellar/arm-none-eabi-gcc/10.3-2021.07/gcc/bin/../lib/gcc/arm-none-eabi/10.3.1/../../../../arm-none-eabi/lib/thumb/v7e-m/nofp/libg.a(lib_a-mallocr.o)
 .debug_frame   0x00000000000025a4       0x2c /opt/homebrew/Cellar/arm-none-eabi-gcc/10.3-2021.07/gcc/bin/../lib/gcc/arm-none-eabi/10.3.1/../../../../arm-none-eabi/lib/thumb/v7e-m/nofp/libg.a(lib_a-memset.o)
 .debug_frame   0x00000000000025d0       0x30 /opt/homebrew/Cellar/arm-none-eabi-gcc/10.3-2021.07/gcc/bin/../lib/gcc/arm-none-eabi/10.3.1/../../../../arm-none-eabi/lib/thumb/v7e-m/nofp/libg.a(lib_a-mlock.o)
 .debug_frame   0x0000000000002600       0x2c /opt/homebrew/Cellar/arm-none-eabi-gcc/10.3-2021.07/gcc/bin/../lib/gcc/arm-none-eabi/10.3.1/../../../../arm-none-eabi/lib/thumb/v7e-m/nofp/libg.a(lib_a-sbrkr.o)
 .debug_frame   0x000000000000262c       0x9c /opt/homebrew/Cellar/arm-none-eabi-gcc/10.3-2021.07/gcc/bin/../lib/gcc/arm-none-eabi/10.3.1/../../../../arm-none-eabi/lib/thumb/v7e-m/nofp/libg.a(lib_a-strstr.o)
 .debug_frame   0x00000000000026c8       0x80 /opt/homebrew/Cellar/arm-none-eabi-gcc/10.3-2021.07/gcc/bin/../lib/gcc/arm-none-eabi/10.3.1/../../../../arm-none-eabi/lib/thumb/v7e-m/nofp/libg.a(lib_a-strtol.o)
 .debug_frame   0x0000000000002748       0x5c /opt/homebrew/Cellar/arm-none-eabi-gcc/10.3-2021.07/gcc/bin/../lib/gcc/arm-none-eabi/10.3.1/../../../../arm-none-eabi/lib/thumb/v7e-m/nofp/libg.a(lib_a-__call_atexit.o)
 .debug_frame   0x00000000000027a4       0x20 /opt/homebrew/Cellar/arm-none-eabi-gcc/10.3-2021.07/gcc/bin/../lib/gcc/arm-none-eabi/10.3.1/../../../../arm-none-eabi/lib/thumb/v7e-m/nofp/libg.a(lib_a-atexit.o)
 .debug_frame   0x00000000000027c4       0x34 /opt/homebrew/Cellar/arm-none-eabi-gcc/10.3-2021.07/gcc/bin/../lib/gcc/arm-none-eabi/10.3.1/../../../../arm-none-eabi/lib/thumb/v7e-m/nofp/libg.a(lib_a-fini.o)
 .debug_frame   0x00000000000027f8       0x8c /opt/homebrew/Cellar/arm-none-eabi-gcc/10.3-2021.07/gcc/bin/../lib/gcc/arm-none-eabi/10.3.1/../../../../arm-none-eabi/lib/thumb/v7e-m/nofp/libg.a(lib_a-freer.o)
 .debug_frame   0x0000000000002884       0xb0 /opt/homebrew/Cellar/arm-none-eabi-gcc/10.3-2021.07/gcc/bin/../lib/gcc/arm-none-eabi/10.3.1/../../../../arm-none-eabi/lib/thumb/v7e-m/nofp/libg.a(lib_a-lock.o)
 .debug_frame   0x0000000000002934       0x28 /opt/homebrew/Cellar/arm-none-eabi-gcc/10.3-2021.07/gcc/bin/../lib/gcc/arm-none-eabi/10.3.1/../../../../arm-none-eabi/lib/thumb/v7e-m/nofp/libg.a(lib_a-memcmp.o)
 .debug_frame   0x000000000000295c       0x64 /opt/homebrew/Cellar/arm-none-eabi-gcc/10.3-2021.07/gcc/bin/../lib/gcc/arm-none-eabi/10.3.1/../../../../arm-none-eabi/lib/thumb/v7e-m/nofp/libg.a(lib_a-reent.o)
 .debug_frame   0x00000000000029c0       0x34 /opt/homebrew/Cellar/arm-none-eabi-gcc/10.3-2021.07/gcc/bin/../lib/gcc/arm-none-eabi/10.3.1/../../../../arm-none-eabi/lib/thumb/v7e-m/nofp/libg.a(lib_a-strchr.o)
 .debug_frame   0x00000000000029f4       0x20 /opt/homebrew/Cellar/arm-none-eabi-gcc/10.3-2021.07/gcc/bin/../lib/gcc/arm-none-eabi/10.3.1/../../../../arm-none-eabi/lib/thumb/v7e-m/nofp/libg.a(lib_a-strnlen.o)
 .debug_frame   0x0000000000002a14       0x34 /opt/homebrew/Cellar/arm-none-eabi-gcc/10.3-2021.07/gcc/bin/../lib/gcc/arm-none-eabi/10.3.1/../../../../arm-none-eabi/lib/thumb/v7e-m/nofp/libg.a(lib_a-__atexit.o)
